FAIL tests/integration/auth.test.ts
  ● Admin auth › Admin auth – ADMIN_SECRET configured › returns 401 when Authorization header is missing

    expect(received).toBe(expected) // Object.is equality

    Expected: 401
    Received: 200

      47 |       const res = await agent.get('/v1/projects');
      48 |       // In our test env the secret is set at runtime.
    > 49 |       expect(res.status).toBe(401);
         |                          ^
      50 |     });
      51 |
      52 |     it('returns 200 when correct Authorization header is provided', async () => {

      at Object.<anonymous> (tests/integration/auth.test.ts:49:26)

{"severity":"INFO","time":"2026-04-12T15:05:12.682Z","service":"invite-backend","version":"0.0.0","msg":"Examples:  http://localhost:6066/examples/web/fingerprint-demo.html"}
{"severity":"INFO","time":"2026-04-12T15:05:12.695Z","service":"invite-backend","version":"0.0.0","projectId":"proj_test1","msg":"Project created"}
{"severity":"INFO","time":"2026-04-12T15:05:12.696Z","service":"invite-backend","version":"0.0.0","req":{"id":"1efc8efb-77b6-4674-9fc2-756effc08a7a","method":"POST","url":"/v1/projects","query":{},"params":{},"headers":{"host":"127.0.0.1:49552","accept-encoding":"gzip, deflate","content-type":"application/json","content-length":"23","connection":"close"},"remoteAddress":"::ffff:127.0.0.1","remotePort":49553},"res":{"statusCode":201,"headers":{"cross-origin-opener-policy":"same-origin","cross-origin-resource-policy":"same-origin","origin-agent-cluster":"?1","referrer-policy":"no-referrer","strict-transport-security":"max-age=15552000; includeSubDomains","x-content-type-options":"nosniff","x-dns-prefetch-control":"off","x-download-options":"noopen","x-frame-options":"SAMEORIGIN","x-permitted-cross-domain-policies":"none","x-xss-protection":"0","vary":"Origin, Accept-Encoding","access-control-expose-headers":"X-Request-Id","x-request-id":"1efc8efb-77b6-4674-9fc2-756effc08a7a","ratelimit-policy":"100;w=900","ratelimit-limit":"100","ratelimit-remaining":"99","ratelimit-reset":"60","content-type":"application/json; charset=utf-8","content-length":"31","etag":"W/\"1f-Njs0xhZ8xlkJwF48/OvvTcF1g7I\""}},"responseTime":3,"msg":"request completed"}
{"severity":"INFO","time":"2026-04-12T15:05:12.698Z","service":"invite-backend","version":"0.0.0","msg":"Examples:  http://localhost:6066/examples/web/fingerprint-demo.html"}
{"severity":"INFO","time":"2026-04-12T15:05:12.701Z","service":"invite-backend","version":"0.0.0","req":{"id":"c993ee91-f6d5-46b1-82c6-b3e6732980a8","method":"GET","url":"/v1/projects","query":{},"params":{},"headers":{"host":"127.0.0.1:49554","accept-encoding":"gzip, deflate","connection":"close"},"remoteAddress":"::ffff:127.0.0.1","remotePort":49555},"res":{"statusCode":200,"headers":{"cross-origin-opener-policy":"same-origin","cross-origin-resource-policy":"same-origin","origin-agent-cluster":"?1","referrer-policy":"no-referrer","strict-transport-security":"max-age=15552000; includeSubDomains","x-content-type-options":"nosniff","x-dns-prefetch-control":"off","x-download-options":"noopen","x-frame-options":"SAMEORIGIN","x-permitted-cross-domain-policies":"none","x-xss-protection":"0","vary":"Origin, Accept-Encoding","access-control-expose-headers":"X-Request-Id","x-request-id":"c993ee91-f6d5-46b1-82c6-b3e6732980a8","ratelimit-policy":"100;w=900","ratelimit-limit":"100","ratelimit-remaining":"99","ratelimit-reset":"60","content-type":"application/json; charset=utf-8","content-length":"15","etag":"W/\"f-vLd7WZ0ZjsEpPQiC7BewpUafoH0\""}},"responseTime":1,"msg":"request completed"}
{"severity":"INFO","time":"2026-04-12T15:05:12.702Z","service":"invite-backend","version":"0.0.0","msg":"Examples:  http://localhost:6066/examples/web/fingerprint-demo.html"}
{"severity":"INFO","time":"2026-04-12T15:05:12.704Z","service":"invite-backend","version":"0.0.0","req":{"id":"a6e6a416-14af-453d-929d-f63f8167f76c","method":"GET","url":"/v1/projects","query":{},"params":{},"headers":{"host":"127.0.0.1:49556","accept-encoding":"gzip, deflate","connection":"close"},"remoteAddress":"::ffff:127.0.0.1","remotePort":49557},"res":{"statusCode":200,"headers":{"cross-origin-opener-policy":"same-origin","cross-origin-resource-policy":"same-origin","origin-agent-cluster":"?1","referrer-policy":"no-referrer","strict-transport-security":"max-age=15552000; includeSubDomains","x-content-type-options":"nosniff","x-dns-prefetch-control":"off","x-download-options":"noopen","x-frame-options":"SAMEORIGIN","x-permitted-cross-domain-policies":"none","x-xss-protection":"0","vary":"Origin, Accept-Encoding","access-control-expose-headers":"X-Request-Id","x-request-id":"a6e6a416-14af-453d-929d-f63f8167f76c","ratelimit-policy":"100;w=900","ratelimit-limit":"100","ratelimit-remaining":"99","ratelimit-reset":"60","content-type":"application/json; charset=utf-8","content-length":"15","etag":"W/\"f-vLd7WZ0ZjsEpPQiC7BewpUafoH0\""}},"responseTime":0,"msg":"request completed"}
{"severity":"INFO","time":"2026-04-12T15:05:12.705Z","service":"invite-backend","version":"0.0.0","msg":"Examples:  http://localhost:6066/examples/web/fingerprint-demo.html"}
{"severity":"INFO","time":"2026-04-12T15:05:12.707Z","service":"invite-backend","version":"0.0.0","req":{"id":"069664b9-9565-44a5-bf81-0c85f21b63ed","method":"GET","url":"/v1/projects","query":{},"params":{},"headers":{"host":"127.0.0.1:49558","accept-encoding":"gzip, deflate","authorization":"[REDACTED]","connection":"close"},"remoteAddress":"::ffff:127.0.0.1","remotePort":49559},"res":{"statusCode":200,"headers":{"cross-origin-opener-policy":"same-origin","cross-origin-resource-policy":"same-origin","origin-agent-cluster":"?1","referrer-policy":"no-referrer","strict-transport-security":"max-age=15552000; includeSubDomains","x-content-type-options":"nosniff","x-dns-prefetch-control":"off","x-download-options":"noopen","x-frame-options":"SAMEORIGIN","x-permitted-cross-domain-policies":"none","x-xss-protection":"0","vary":"Origin, Accept-Encoding","access-control-expose-headers":"X-Request-Id","x-request-id":"069664b9-9565-44a5-bf81-0c85f21b63ed","ratelimit-policy":"100;w=900","ratelimit-limit":"100","ratelimit-remaining":"99","ratelimit-reset":"60","content-type":"application/json; charset=utf-8","content-length":"15","etag":"W/\"f-vLd7WZ0ZjsEpPQiC7BewpUafoH0\""}},"responseTime":0,"msg":"request completed"}
{"severity":"INFO","time":"2026-04-12T15:05:12.750Z","service":"invite-backend","version":"0.0.0","msg":"Examples:  http://localhost:6066/examples/web/fingerprint-demo.html"}
{"severity":"WARN","time":"2026-04-12T15:05:12.757Z","service":"invite-backend","version":"0.0.0","req":{"id":"244bcbea-fa50-4545-99be-eda3bca0643f","method":"POST","url":"/v1/resolutions","query":{},"params":{},"headers":{"host":"127.0.0.1:49560","accept-encoding":"gzip, deflate","content-type":"application/json","content-length":"34","connection":"close"},"remoteAddress":"::ffff:127.0.0.1","remotePort":49561},"res":{"statusCode":400,"headers":{"cross-origin-opener-policy":"same-origin","cross-origin-resource-policy":"same-origin","origin-agent-cluster":"?1","referrer-policy":"no-referrer","strict-transport-security":"max-age=15552000; includeSubDomains","x-content-type-options":"nosniff","x-dns-prefetch-control":"off","x-download-options":"noopen","x-frame-options":"SAMEORIGIN","x-permitted-cross-domain-policies":"none","x-xss-protection":"0","vary":"Origin, Accept-Encoding","access-control-expose-headers":"X-Request-Id","x-request-id":"244bcbea-fa50-4545-99be-eda3bca0643f","ratelimit-policy":"10;w=60","ratelimit-limit":"10","ratelimit-remaining":"9","ratelimit-reset":"60","content-type":"application/json; charset=utf-8","content-length":"181","etag":"W/\"b5-aMIPqECre4x8dl34kDj34UXP5Kk\""}},"responseTime":1,"msg":"request completed"}
{"severity":"INFO","time":"2026-04-12T15:05:12.757Z","service":"invite-backend","version":"0.0.0","msg":"Examples:  http://localhost:6066/examples/web/fingerprint-demo.html"}
{"severity":"WARN","time":"2026-04-12T15:05:12.759Z","service":"invite-backend","version":"0.0.0","req":{"id":"0d473a73-b2a8-4306-b3e5-01ee2b423cf9","method":"POST","url":"/v1/resolutions","query":{},"params":{},"headers":{"host":"127.0.0.1:49562","accept-encoding":"gzip, deflate","content-type":"application/json","content-length":"17","connection":"close"},"remoteAddress":"::ffff:127.0.0.1","remotePort":49563},"res":{"statusCode":400,"headers":{"cross-origin-opener-policy":"same-origin","cross-origin-resource-policy":"same-origin","origin-agent-cluster":"?1","referrer-policy":"no-referrer","strict-transport-security":"max-age=15552000; includeSubDomains","x-content-type-options":"nosniff","x-dns-prefetch-control":"off","x-download-options":"noopen","x-frame-options":"SAMEORIGIN","x-permitted-cross-domain-policies":"none","x-xss-protection":"0","vary":"Origin, Accept-Encoding","access-control-expose-headers":"X-Request-Id","x-request-id":"0d473a73-b2a8-4306-b3e5-01ee2b423cf9","ratelimit-policy":"10;w=60","ratelimit-limit":"10","ratelimit-remaining":"9","ratelimit-reset":"60","content-type":"application/json; charset=utf-8","content-length":"171","etag":"W/\"ab-kORBf7R3ytZ6nFueUjIIwlMDugY\""}},"responseTime":0,"msg":"request completed"}
{"severity":"INFO","time":"2026-04-12T15:05:12.760Z","service":"invite-backend","version":"0.0.0","msg":"Examples:  http://localhost:6066/examples/web/fingerprint-demo.html"}
{"severity":"INFO","time":"2026-04-12T15:05:12.762Z","service":"invite-backend","version":"0.0.0","fingerprint":"9698dd358d3799ba93baf55f9bd7fee3363ee851c677125f0c9d3f839b2d2e55","msg":"No match found (fingerprint + clipboard)"}
{"severity":"INFO","time":"2026-04-12T15:05:12.762Z","service":"invite-backend","version":"0.0.0","req":{"id":"61cbcdc2-5e81-47a5-a907-eddfb89dd014","method":"POST","url":"/v1/resolutions","query":{},"params":{},"headers":{"host":"127.0.0.1:49564","accept-encoding":"gzip, deflate","content-type":"application/json","content-length":"164","connection":"close"},"remoteAddress":"::ffff:127.0.0.1","remotePort":49565},"res":{"statusCode":200,"headers":{"cross-origin-opener-policy":"same-origin","cross-origin-resource-policy":"same-origin","origin-agent-cluster":"?1","referrer-policy":"no-referrer","strict-transport-security":"max-age=15552000; includeSubDomains","x-content-type-options":"nosniff","x-dns-prefetch-control":"off","x-download-options":"noopen","x-frame-options":"SAMEORIGIN","x-permitted-cross-domain-policies":"none","x-xss-protection":"0","vary":"Origin, Accept-Encoding","access-control-expose-headers":"X-Request-Id","x-request-id":"61cbcdc2-5e81-47a5-a907-eddfb89dd014","ratelimit-policy":"10;w=60","ratelimit-limit":"10","ratelimit-remaining":"9","ratelimit-reset":"60","content-type":"application/json; charset=utf-8","content-length":"17","etag":"W/\"11-0lKa9L8JtTRUaOViOj/xzX9HOJw\""}},"responseTime":1,"msg":"request completed"}
{"severity":"INFO","time":"2026-04-12T15:05:12.762Z","service":"invite-backend","version":"0.0.0","msg":"Examples:  http://localhost:6066/examples/web/fingerprint-demo.html"}
{"severity":"INFO","time":"2026-04-12T15:05:12.764Z","service":"invite-backend","version":"0.0.0","inviteCode":"TESTCODE","msg":"Clipboard fallback match"}
{"severity":"INFO","time":"2026-04-12T15:05:12.764Z","service":"invite-backend","version":"0.0.0","inviteCode":"TESTCODE","confidence":1,"channel":"clipboard","msg":"Invite resolved"}
{"severity":"INFO","time":"2026-04-12T15:05:12.764Z","service":"invite-backend","version":"0.0.0","req":{"id":"2bc6da96-1e1c-4c4e-a0d7-4e646c4b0346","method":"POST","url":"/v1/resolutions","query":{},"params":{},"headers":{"host":"127.0.0.1:49566","accept-encoding":"gzip, deflate","content-type":"application/json","content-length":"79","connection":"close"},"remoteAddress":"::ffff:127.0.0.1","remotePort":49567},"res":{"statusCode":200,"headers":{"cross-origin-opener-policy":"same-origin","cross-origin-resource-policy":"same-origin","origin-agent-cluster":"?1","referrer-policy":"no-referrer","strict-transport-security":"max-age=15552000; includeSubDomains","x-content-type-options":"nosniff","x-dns-prefetch-control":"off","x-download-options":"noopen","x-frame-options":"SAMEORIGIN","x-permitted-cross-domain-policies":"none","x-xss-protection":"0","vary":"Origin, Accept-Encoding","access-control-expose-headers":"X-Request-Id","x-request-id":"2bc6da96-1e1c-4c4e-a0d7-4e646c4b0346","ratelimit-policy":"10;w=60","ratelimit-limit":"10","ratelimit-remaining":"9","ratelimit-reset":"60","content-type":"application/json; charset=utf-8","content-length":"104","etag":"W/\"68-LPxG4cB0IqS1bO8fzLfTH5z5hVg\""}},"responseTime":0,"msg":"request completed"}
{"severity":"INFO","time":"2026-04-12T15:05:12.765Z","service":"invite-backend","version":"0.0.0","msg":"Examples:  http://localhost:6066/examples/web/fingerprint-demo.html"}
{"severity":"INFO","time":"2026-04-12T15:05:12.767Z","service":"invite-backend","version":"0.0.0","fingerprint":"9698dd358d3799ba93baf55f9bd7fee3363ee851c677125f0c9d3f839b2d2e55","msg":"No match found (fingerprint + clipboard)"}
{"severity":"INFO","time":"2026-04-12T15:05:12.767Z","service":"invite-backend","version":"0.0.0","req":{"id":"1f258082-2d11-4f3d-a9cc-0e4b81224ccb","method":"POST","url":"/v1/resolutions","query":{},"params":{},"headers":{"host":"127.0.0.1:49568","accept-encoding":"gzip, deflate","content-type":"application/json","content-length":"205","connection":"close"},"remoteAddress":"::ffff:127.0.0.1","remotePort":49569},"res":{"statusCode":200,"headers":{"cross-origin-opener-policy":"same-origin","cross-origin-resource-policy":"same-origin","origin-agent-cluster":"?1","referrer-policy":"no-referrer","strict-transport-security":"max-age=15552000; includeSubDomains","x-content-type-options":"nosniff","x-dns-prefetch-control":"off","x-download-options":"noopen","x-frame-options":"SAMEORIGIN","x-permitted-cross-domain-policies":"none","x-xss-protection":"0","vary":"Origin, Accept-Encoding","access-control-expose-headers":"X-Request-Id","x-request-id":"1f258082-2d11-4f3d-a9cc-0e4b81224ccb","ratelimit-policy":"10;w=60","ratelimit-limit":"10","ratelimit-remaining":"9","ratelimit-reset":"60","content-type":"application/json; charset=utf-8","content-length":"17","etag":"W/\"11-0lKa9L8JtTRUaOViOj/xzX9HOJw\""}},"responseTime":0,"msg":"request completed"}
{"severity":"INFO","time":"2026-04-12T15:05:12.768Z","service":"invite-backend","version":"0.0.0","msg":"Examples:  http://localhost:6066/examples/web/fingerprint-demo.html"}
{"severity":"INFO","time":"2026-04-12T15:05:12.770Z","service":"invite-backend","version":"0.0.0","fingerprint":"d72adccc9e351452e988816a4a9bac676c9b14ed5fd85b0c2b063723ce215a03","msg":"No match found (fingerprint + clipboard)"}
{"severity":"INFO","time":"2026-04-12T15:05:12.770Z","service":"invite-backend","version":"0.0.0","req":{"id":"30da4937-c8e4-4d20-b3b0-ef82ec95856d","method":"POST","url":"/v1/resolutions","query":{},"params":{},"headers":{"host":"127.0.0.1:49570","accept-encoding":"gzip, deflate","content-type":"application/json","content-length":"67","connection":"close"},"remoteAddress":"::ffff:127.0.0.1","remotePort":49571},"res":{"statusCode":200,"headers":{"cross-origin-opener-policy":"same-origin","cross-origin-resource-policy":"same-origin","origin-agent-cluster":"?1","referrer-policy":"no-referrer","strict-transport-security":"max-age=15552000; includeSubDomains","x-content-type-options":"nosniff","x-dns-prefetch-control":"off","x-download-options":"noopen","x-frame-options":"SAMEORIGIN","x-permitted-cross-domain-policies":"none","x-xss-protection":"0","vary":"Origin, Accept-Encoding","access-control-expose-headers":"X-Request-Id","x-request-id":"30da4937-c8e4-4d20-b3b0-ef82ec95856d","ratelimit-policy":"10;w=60","ratelimit-limit":"10","ratelimit-remaining":"9","ratelimit-reset":"60","content-type":"application/json; charset=utf-8","content-length":"17","etag":"W/\"11-0lKa9L8JtTRUaOViOj/xzX9HOJw\""}},"responseTime":1,"msg":"request completed"}
{"severity":"INFO","time":"2026-04-12T15:05:12.770Z","service":"invite-backend","version":"0.0.0","msg":"Examples:  http://localhost:6066/examples/web/fingerprint-demo.html"}
{"severity":"INFO","time":"2026-04-12T15:05:12.772Z","service":"invite-backend","version":"0.0.0","fingerprint":"9698dd358d3799ba93baf55f9bd7fee3363ee851c677125f0c9d3f839b2d2e55","inviteCode":"TESTCODE","msg":"Exact fingerprint match"}
{"severity":"INFO","time":"2026-04-12T15:05:12.772Z","service":"invite-backend","version":"0.0.0","inviteCode":"TESTCODE","confidence":1,"channel":"exact","msg":"Invite resolved"}
{"severity":"INFO","time":"2026-04-12T15:05:12.772Z","service":"invite-backend","version":"0.0.0","req":{"id":"01347377-48bd-4426-96b6-27f5f9d0979b","method":"POST","url":"/v1/resolutions","query":{},"params":{},"headers":{"host":"127.0.0.1:49572","accept-encoding":"gzip, deflate","content-type":"application/json","content-length":"164","connection":"close"},"remoteAddress":"::ffff:127.0.0.1","remotePort":49573},"res":{"statusCode":200,"headers":{"cross-origin-opener-policy":"same-origin","cross-origin-resource-policy":"same-origin","origin-agent-cluster":"?1","referrer-policy":"no-referrer","strict-transport-security":"max-age=15552000; includeSubDomains","x-content-type-options":"nosniff","x-dns-prefetch-control":"off","x-download-options":"noopen","x-frame-options":"SAMEORIGIN","x-permitted-cross-domain-policies":"none","x-xss-protection":"0","vary":"Origin, Accept-Encoding","access-control-expose-headers":"X-Request-Id","x-request-id":"01347377-48bd-4426-96b6-27f5f9d0979b","ratelimit-policy":"10;w=60","ratelimit-limit":"10","ratelimit-remaining":"9","ratelimit-reset":"60","content-type":"application/json; charset=utf-8","content-length":"100","etag":"W/\"64-LxBUPeM0lzH3Rmm3233qbalgjcU\""}},"responseTime":0,"msg":"request completed"}
{"severity":"INFO","time":"2026-04-12T15:05:12.773Z","service":"invite-backend","version":"0.0.0","msg":"Examples:  http://localhost:6066/examples/web/fingerprint-demo.html"}
{"severity":"INFO","time":"2026-04-12T15:05:12.774Z","service":"invite-backend","version":"0.0.0","fingerprint":"9698dd358d3799ba93baf55f9bd7fee3363ee851c677125f0c9d3f839b2d2e55","inviteCode":"TESTCODE","msg":"Exact fingerprint match"}
{"severity":"INFO","time":"2026-04-12T15:05:12.774Z","service":"invite-backend","version":"0.0.0","inviteCode":"TESTCODE","confidence":1,"channel":"exact","msg":"Invite resolved"}
{"severity":"INFO","time":"2026-04-12T15:05:12.774Z","service":"invite-backend","version":"0.0.0","req":{"id":"befd5ae4-ca42-4569-90e2-9f17cf6c90d9","method":"POST","url":"/v1/resolutions","query":{},"params":{},"headers":{"host":"127.0.0.1:49574","accept-encoding":"gzip, deflate","content-type":"application/json","content-length":"164","connection":"close"},"remoteAddress":"::ffff:127.0.0.1","remotePort":49575},"res":{"statusCode":200,"headers":{"cross-origin-opener-policy":"same-origin","cross-origin-resource-policy":"same-origin","origin-agent-cluster":"?1","referrer-policy":"no-referrer","strict-transport-security":"max-age=15552000; includeSubDomains","x-content-type-options":"nosniff","x-dns-prefetch-control":"off","x-download-options":"noopen","x-frame-options":"SAMEORIGIN","x-permitted-cross-domain-policies":"none","x-xss-protection":"0","vary":"Origin, Accept-Encoding","access-control-expose-headers":"X-Request-Id","x-request-id":"befd5ae4-ca42-4569-90e2-9f17cf6c90d9","ratelimit-policy":"10;w=60","ratelimit-limit":"10","ratelimit-remaining":"9","ratelimit-reset":"60","content-type":"application/json; charset=utf-8","content-length":"100","etag":"W/\"64-LxBUPeM0lzH3Rmm3233qbalgjcU\""}},"responseTime":0,"msg":"request completed"}
{"severity":"INFO","time":"2026-04-12T15:05:12.775Z","service":"invite-backend","version":"0.0.0","msg":"Examples:  http://localhost:6066/examples/web/fingerprint-demo.html"}
{"severity":"INFO","time":"2026-04-12T15:05:12.781Z","service":"invite-backend","version":"0.0.0","fingerprint":"9698dd358d3799ba93baf55f9bd7fee3363ee851c677125f0c9d3f839b2d2e55","inviteCode":"TESTCODE","msg":"Exact fingerprint match"}
{"severity":"INFO","time":"2026-04-12T15:05:12.781Z","service":"invite-backend","version":"0.0.0","inviteCode":"TESTCODE","confidence":1,"channel":"exact","msg":"Invite resolved"}
{"severity":"INFO","time":"2026-04-12T15:05:12.781Z","service":"invite-backend","version":"0.0.0","req":{"id":"823bf8d7-6dc0-4dd6-b6ab-c8ad040069d5","method":"POST","url":"/v1/resolutions","query":{},"params":{},"headers":{"host":"127.0.0.1:49576","accept-encoding":"gzip, deflate","content-type":"application/json","content-length":"164","connection":"close"},"remoteAddress":"::ffff:127.0.0.1","remotePort":49577},"res":{"statusCode":200,"headers":{"cross-origin-opener-policy":"same-origin","cross-origin-resource-policy":"same-origin","origin-agent-cluster":"?1","referrer-policy":"no-referrer","strict-transport-security":"max-age=15552000; includeSubDomains","x-content-type-options":"nosniff","x-dns-prefetch-control":"off","x-download-options":"noopen","x-frame-options":"SAMEORIGIN","x-permitted-cross-domain-policies":"none","x-xss-protection":"0","vary":"Origin, Accept-Encoding","access-control-expose-headers":"X-Request-Id","x-request-id":"823bf8d7-6dc0-4dd6-b6ab-c8ad040069d5","ratelimit-policy":"10;w=60","ratelimit-limit":"10","ratelimit-remaining":"9","ratelimit-reset":"60","content-type":"application/json; charset=utf-8","content-length":"100","etag":"W/\"64-LxBUPeM0lzH3Rmm3233qbalgjcU\""}},"responseTime":0,"msg":"request completed"}
PASS tests/integration/resolutions.test.ts
PASS tests/integration/errorHandler.test.ts
{"severity":"INFO","time":"2026-04-12T15:05:12.782Z","service":"invite-backend","version":"0.0.0","msg":"Examples:  http://localhost:6066/examples/web/fingerprint-demo.html"}
{"severity":"INFO","time":"2026-04-12T15:05:12.784Z","service":"invite-backend","version":"0.0.0","fingerprint":"f41c6218f8829ebb2641eae13e02b7fd7ee8404be4f6f71a17514ffcc0101740","msg":"No match found (fingerprint + clipboard)"}
{"severity":"INFO","time":"2026-04-12T15:05:12.784Z","service":"invite-backend","version":"0.0.0","req":{"id":"69da6973-5a71-4e16-bdb9-516e3d769431","method":"POST","url":"/v1/resolutions","query":{},"params":{},"headers":{"host":"127.0.0.1:49578","accept-encoding":"gzip, deflate","content-type":"application/json","content-length":"162","connection":"close"},"remoteAddress":"::ffff:127.0.0.1","remotePort":49579},"res":{"statusCode":200,"headers":{"cross-origin-opener-policy":"same-origin","cross-origin-resource-policy":"same-origin","origin-agent-cluster":"?1","referrer-policy":"no-referrer","strict-transport-security":"max-age=15552000; includeSubDomains","x-content-type-options":"nosniff","x-dns-prefetch-control":"off","x-download-options":"noopen","x-frame-options":"SAMEORIGIN","x-permitted-cross-domain-policies":"none","x-xss-protection":"0","vary":"Origin, Accept-Encoding","access-control-expose-headers":"X-Request-Id","x-request-id":"69da6973-5a71-4e16-bdb9-516e3d769431","ratelimit-policy":"10;w=60","ratelimit-limit":"10","ratelimit-remaining":"9","ratelimit-reset":"60","content-type":"application/json; charset=utf-8","content-length":"17","etag":"W/\"11-0lKa9L8JtTRUaOViOj/xzX9HOJw\""}},"responseTime":0,"msg":"request completed"}
{"severity":"INFO","time":"2026-04-12T15:05:12.814Z","service":"invite-backend","version":"0.0.0","msg":"Examples:  http://localhost:6066/examples/web/fingerprint-demo.html"}
{"severity":"WARN","time":"2026-04-12T15:05:12.819Z","service":"invite-backend","version":"0.0.0","req":{"id":"ff17dae8-6ee0-4a29-9e2e-1379435f7fca","method":"GET","url":"/v1/does-not-exist","query":{},"params":{},"headers":{"host":"127.0.0.1:49580","accept-encoding":"gzip, deflate","connection":"close"},"remoteAddress":"::ffff:127.0.0.1","remotePort":49581},"res":{"statusCode":404,"headers":{"cross-origin-opener-policy":"same-origin","cross-origin-resource-policy":"same-origin","origin-agent-cluster":"?1","referrer-policy":"no-referrer","strict-transport-security":"max-age=15552000; includeSubDomains","x-content-type-options":"nosniff","x-dns-prefetch-control":"off","x-download-options":"noopen","x-frame-options":"SAMEORIGIN","x-permitted-cross-domain-policies":"none","x-xss-protection":"0","vary":"Origin, Accept-Encoding","access-control-expose-headers":"X-Request-Id","x-request-id":"ff17dae8-6ee0-4a29-9e2e-1379435f7fca","ratelimit-policy":"100;w=900","ratelimit-limit":"100","ratelimit-remaining":"99","ratelimit-reset":"60","content-type":"application/json; charset=utf-8","content-length":"85","etag":"W/\"55-XescBRfCeyo8XTKbjJxR7u7sbIo\""}},"responseTime":0,"msg":"request completed"}
{"severity":"INFO","time":"2026-04-12T15:05:12.820Z","service":"invite-backend","version":"0.0.0","msg":"Examples:  http://localhost:6066/examples/web/fingerprint-demo.html"}
{"severity":"WARN","time":"2026-04-12T15:05:12.823Z","service":"invite-backend","version":"0.0.0","req":{"id":"86f7376c-c581-4603-80ae-dae2eda66fe6","method":"POST","url":"/v1/nonexistent","query":{},"params":{},"headers":{"host":"127.0.0.1:49582","accept-encoding":"gzip, deflate","content-type":"application/json","content-length":"2","connection":"close"},"remoteAddress":"::ffff:127.0.0.1","remotePort":49583},"res":{"statusCode":404,"headers":{"cross-origin-opener-policy":"same-origin","cross-origin-resource-policy":"same-origin","origin-agent-cluster":"?1","referrer-policy":"no-referrer","strict-transport-security":"max-age=15552000; includeSubDomains","x-content-type-options":"nosniff","x-dns-prefetch-control":"off","x-download-options":"noopen","x-frame-options":"SAMEORIGIN","x-permitted-cross-domain-policies":"none","x-xss-protection":"0","vary":"Origin, Accept-Encoding","access-control-expose-headers":"X-Request-Id","x-request-id":"86f7376c-c581-4603-80ae-dae2eda66fe6","ratelimit-policy":"100;w=900","ratelimit-limit":"100","ratelimit-remaining":"99","ratelimit-reset":"60","content-type":"application/json; charset=utf-8","content-length":"83","etag":"W/\"53-KCKQfT0Ue+DMzdlyuM3LkAEGJzY\""}},"responseTime":0,"msg":"request completed"}
{"severity":"INFO","time":"2026-04-12T15:05:12.823Z","service":"invite-backend","version":"0.0.0","msg":"Examples:  http://localhost:6066/examples/web/fingerprint-demo.html"}
{"severity":"WARN","time":"2026-04-12T15:05:12.825Z","service":"invite-backend","version":"0.0.0","req":{"id":"4ca4ea39-e95c-41d3-ba09-7af63ddd1cc3","method":"GET","url":"/api/v99/anything","query":{},"params":{},"headers":{"host":"127.0.0.1:49584","accept-encoding":"gzip, deflate","connection":"close"},"remoteAddress":"::ffff:127.0.0.1","remotePort":49585},"res":{"statusCode":404,"headers":{"cross-origin-opener-policy":"same-origin","cross-origin-resource-policy":"same-origin","origin-agent-cluster":"?1","referrer-policy":"no-referrer","strict-transport-security":"max-age=15552000; includeSubDomains","x-content-type-options":"nosniff","x-dns-prefetch-control":"off","x-download-options":"noopen","x-frame-options":"SAMEORIGIN","x-permitted-cross-domain-policies":"none","x-xss-protection":"0","vary":"Origin, Accept-Encoding","access-control-expose-headers":"X-Request-Id","x-request-id":"4ca4ea39-e95c-41d3-ba09-7af63ddd1cc3","ratelimit-policy":"100;w=900","ratelimit-limit":"100","ratelimit-remaining":"99","ratelimit-reset":"60","content-type":"application/json; charset=utf-8","content-length":"84","etag":"W/\"54-vdnN3M3nfwwAvUsRL8i2F0GKoM4\""}},"responseTime":0,"msg":"request completed"}
{"severity":"INFO","time":"2026-04-12T15:05:12.825Z","service":"invite-backend","version":"0.0.0","msg":"Examples:  http://localhost:6066/examples/web/fingerprint-demo.html"}
{"severity":"WARN","time":"2026-04-12T15:05:12.830Z","service":"invite-backend","version":"0.0.0","req":{"id":"e20dad96-4d07-4538-b44d-8ef8325fa08e","method":"POST","url":"/v1/projects","query":{},"params":{},"headers":{"host":"127.0.0.1:49586","accept-encoding":"gzip, deflate","content-type":"application/json","content-length":"11","connection":"close"},"remoteAddress":"::ffff:127.0.0.1","remotePort":49587},"res":{"statusCode":400,"headers":{"cross-origin-opener-policy":"same-origin","cross-origin-resource-policy":"same-origin","origin-agent-cluster":"?1","referrer-policy":"no-referrer","strict-transport-security":"max-age=15552000; includeSubDomains","x-content-type-options":"nosniff","x-dns-prefetch-control":"off","x-download-options":"noopen","x-frame-options":"SAMEORIGIN","x-permitted-cross-domain-policies":"none","x-xss-protection":"0","vary":"Origin, Accept-Encoding","access-control-expose-headers":"X-Request-Id","x-request-id":"e20dad96-4d07-4538-b44d-8ef8325fa08e","ratelimit-policy":"100;w=900","ratelimit-limit":"100","ratelimit-remaining":"99","ratelimit-reset":"60","content-type":"application/json; charset=utf-8","content-length":"175","etag":"W/\"af-biDMbqs6Sde8ZlCfKfs4sVL4Gx0\""}},"responseTime":0,"msg":"request completed"}
{"severity":"INFO","time":"2026-04-12T15:05:12.831Z","service":"invite-backend","version":"0.0.0","msg":"Examples:  http://localhost:6066/examples/web/fingerprint-demo.html"}
{"severity":"WARN","time":"2026-04-12T15:05:12.833Z","service":"invite-backend","version":"0.0.0","req":{"id":"9bfae532-d9e2-4f58-9c46-7d50c09ef83d","method":"POST","url":"/v1/resolutions","query":{},"params":{},"headers":{"host":"127.0.0.1:49588","accept-encoding":"gzip, deflate","content-type":"application/json","content-length":"47","connection":"close"},"remoteAddress":"::ffff:127.0.0.1","remotePort":49589},"res":{"statusCode":400,"headers":{"cross-origin-opener-policy":"same-origin","cross-origin-resource-policy":"same-origin","origin-agent-cluster":"?1","referrer-policy":"no-referrer","strict-transport-security":"max-age=15552000; includeSubDomains","x-content-type-options":"nosniff","x-dns-prefetch-control":"off","x-download-options":"noopen","x-frame-options":"SAMEORIGIN","x-permitted-cross-domain-policies":"none","x-xss-protection":"0","vary":"Origin, Accept-Encoding","access-control-expose-headers":"X-Request-Id","x-request-id":"9bfae532-d9e2-4f58-9c46-7d50c09ef83d","ratelimit-policy":"10;w=60","ratelimit-limit":"10","ratelimit-remaining":"9","ratelimit-reset":"60","content-type":"application/json; charset=utf-8","content-length":"194","etag":"W/\"c2-m4zR4wcLG0UcbGQGmTVes0zw3qQ\""}},"responseTime":0,"msg":"request completed"}
{"severity":"INFO","time":"2026-04-12T15:05:12.833Z","service":"invite-backend","version":"0.0.0","msg":"Examples:  http://localhost:6066/examples/web/fingerprint-demo.html"}
{"severity":"WARN","time":"2026-04-12T15:05:12.835Z","service":"invite-backend","version":"0.0.0","req":{"id":"fbe57b74-eb3d-4645-9fc3-d11d0b365b11","method":"POST","url":"/v1/projects/proj_nonexistent/api-keys","query":{},"params":{},"headers":{"host":"127.0.0.1:49590","accept-encoding":"gzip, deflate","content-type":"application/json","content-length":"18","connection":"close"},"remoteAddress":"::ffff:127.0.0.1","remotePort":49591},"res":{"statusCode":404,"headers":{"cross-origin-opener-policy":"same-origin","cross-origin-resource-policy":"same-origin","origin-agent-cluster":"?1","referrer-policy":"no-referrer","strict-transport-security":"max-age=15552000; includeSubDomains","x-content-type-options":"nosniff","x-dns-prefetch-control":"off","x-download-options":"noopen","x-frame-options":"SAMEORIGIN","x-permitted-cross-domain-policies":"none","x-xss-protection":"0","vary":"Origin, Accept-Encoding","access-control-expose-headers":"X-Request-Id","x-request-id":"fbe57b74-eb3d-4645-9fc3-d11d0b365b11","ratelimit-policy":"100;w=900","ratelimit-limit":"100","ratelimit-remaining":"99","ratelimit-reset":"60","content-type":"application/json; charset=utf-8","content-length":"74","etag":"W/\"4a-A2h0hXwbl2Se217t38XqqenCVpk\""}},"responseTime":0,"msg":"request completed"}
{"severity":"INFO","time":"2026-04-12T15:05:12.836Z","service":"invite-backend","version":"0.0.0","msg":"Examples:  http://localhost:6066/examples/web/fingerprint-demo.html"}
{"severity":"WARN","time":"2026-04-12T15:05:12.838Z","service":"invite-backend","version":"0.0.0","req":{"id":"f2422849-b185-4d71-af17-c586aab93645","method":"POST","url":"/v1/projects","query":{},"params":{},"headers":{"host":"127.0.0.1:49592","accept-encoding":"gzip, deflate","content-type":"application/json","content-length":"25","connection":"close"},"remoteAddress":"::ffff:127.0.0.1","remotePort":49593},"res":{"statusCode":409,"headers":{"cross-origin-opener-policy":"same-origin","cross-origin-resource-policy":"same-origin","origin-agent-cluster":"?1","referrer-policy":"no-referrer","strict-transport-security":"max-age=15552000; includeSubDomains","x-content-type-options":"nosniff","x-dns-prefetch-control":"off","x-download-options":"noopen","x-frame-options":"SAMEORIGIN","x-permitted-cross-domain-policies":"none","x-xss-protection":"0","vary":"Origin, Accept-Encoding","access-control-expose-headers":"X-Request-Id","x-request-id":"f2422849-b185-4d71-af17-c586aab93645","ratelimit-policy":"100;w=900","ratelimit-limit":"100","ratelimit-remaining":"99","ratelimit-reset":"60","content-type":"application/json; charset=utf-8","content-length":"85","etag":"W/\"55-ibkK2w9o1CbH60icWa6DcR71XlI\""}},"responseTime":0,"msg":"request completed"}
{"severity":"INFO","time":"2026-04-12T15:05:12.838Z","service":"invite-backend","version":"0.0.0","msg":"Examples:  http://localhost:6066/examples/web/fingerprint-demo.html"}
{"severity":"WARN","time":"2026-04-12T15:05:12.840Z","service":"invite-backend","version":"0.0.0","req":{"id":"583d2168-4b2c-4156-a89f-991d5b6ea9df","method":"POST","url":"/v1/projects/proj_missing/api-keys","query":{},"params":{},"headers":{"host":"127.0.0.1:49594","accept-encoding":"gzip, deflate","content-type":"application/json","content-length":"14","connection":"close"},"remoteAddress":"::ffff:127.0.0.1","remotePort":49595},"res":{"statusCode":404,"headers":{"cross-origin-opener-policy":"same-origin","cross-origin-resource-policy":"same-origin","origin-agent-cluster":"?1","referrer-policy":"no-referrer","strict-transport-security":"max-age=15552000; includeSubDomains","x-content-type-options":"nosniff","x-dns-prefetch-control":"off","x-download-options":"noopen","x-frame-options":"SAMEORIGIN","x-permitted-cross-domain-policies":"none","x-xss-protection":"0","vary":"Origin, Accept-Encoding","access-control-expose-headers":"X-Request-Id","x-request-id":"583d2168-4b2c-4156-a89f-991d5b6ea9df","ratelimit-policy":"100;w=900","ratelimit-limit":"100","ratelimit-remaining":"99","ratelimit-reset":"60","content-type":"application/json; charset=utf-8","content-length":"75","etag":"W/\"4b-nBdW1dRxTUZ/3j9ZulHfvuJ6pkM\""}},"responseTime":0,"msg":"request completed"}
{"severity":"INFO","time":"2026-04-12T15:05:12.840Z","service":"invite-backend","version":"0.0.0","msg":"Examples:  http://localhost:6066/examples/web/fingerprint-demo.html"}
{"severity":"ERROR","time":"2026-04-12T15:05:12.842Z","service":"invite-backend","version":"0.0.0","err":{"type":"Error","message":"DB connection lost","stack":"Error: DB connection lost\n    at Object.<anonymous> (/Users/cee/Documents/github/share-installs/backend/tests/integration/errorHandler.test.ts:114:51)\n    at Promise.then.completed (/Users/cee/Documents/github/share-installs/backend/node_modules/jest-circus/build/utils.js:298:28)\n    at new Promise (<anonymous>)\n    at callAsyncCircusFn (/Users/cee/Documents/github/share-installs/backend/node_modules/jest-circus/build/utils.js:231:10)\n    at _callCircusTest (/Users/cee/Documents/github/share-installs/backend/node_modules/jest-circus/build/run.js:316:40)\n    at processTicksAndRejections (node:internal/process/task_queues:104:5)\n    at _runTest (/Users/cee/Documents/github/share-installs/backend/node_modules/jest-circus/build/run.js:252:3)\n    at _runTestsForDescribeBlock (/Users/cee/Documents/github/share-installs/backend/node_modules/jest-circus/build/run.js:126:9)\n    at _runTestsForDescribeBlock (/Users/cee/Documents/github/share-installs/backend/node_modules/jest-circus/build/run.js:121:9)\n    at run (/Users/cee/Documents/github/share-installs/backend/node_modules/jest-circus/build/run.js:71:3)\n    at runAndTransformResultsToJestFormat (/Users/cee/Documents/github/share-installs/backend/node_modules/jest-circus/build/legacy-code-todo-rewrite/jestAdapterInit.js:122:21)\n    at jestAdapter (/Users/cee/Documents/github/share-installs/backend/node_modules/jest-circus/build/legacy-code-todo-rewrite/jestAdapter.js:79:19)\n    at runTestInternal (/Users/cee/Documents/github/share-installs/backend/node_modules/jest-runner/build/runTest.js:367:16)\n    at runTest (/Users/cee/Documents/github/share-installs/backend/node_modules/jest-runner/build/runTest.js:444:34)"},"path":"/v1/projects","method":"GET","msg":"Unhandled error"}
{"severity":"ERROR","time":"2026-04-12T15:05:12.842Z","service":"invite-backend","version":"0.0.0","req":{"id":"e056431b-315b-4d9b-8bc0-1517d7c9da05","method":"GET","url":"/v1/projects","query":{},"params":{},"headers":{"host":"127.0.0.1:49596","accept-encoding":"gzip, deflate","connection":"close"},"remoteAddress":"::ffff:127.0.0.1","remotePort":49597},"res":{"statusCode":500,"headers":{"cross-origin-opener-policy":"same-origin","cross-origin-resource-policy":"same-origin","origin-agent-cluster":"?1","referrer-policy":"no-referrer","strict-transport-security":"max-age=15552000; includeSubDomains","x-content-type-options":"nosniff","x-dns-prefetch-control":"off","x-download-options":"noopen","x-frame-options":"SAMEORIGIN","x-permitted-cross-domain-policies":"none","x-xss-protection":"0","vary":"Origin, Accept-Encoding","access-control-expose-headers":"X-Request-Id","x-request-id":"e056431b-315b-4d9b-8bc0-1517d7c9da05","ratelimit-policy":"100;w=900","ratelimit-limit":"100","ratelimit-remaining":"99","ratelimit-reset":"60","content-type":"application/json; charset=utf-8","content-length":"84","etag":"W/\"54-QFHEJ0QXz8YEiazpjkTHaEEK/TI\""}},"err":{"type":"Error","message":"failed with status code 500","stack":"Error: failed with status code 500\n    at onResFinished (/Users/cee/Documents/github/share-installs/backend/node_modules/pino-http/logger.js:114:39)\n    at ServerResponse.onResponseComplete (/Users/cee/Documents/github/share-installs/backend/node_modules/pino-http/logger.js:177:14)\n    at ServerResponse.emit (node:events:520:35)\n    at onFinish (node:_http_outgoing:1026:10)\n    at callback (node:internal/streams/writable:764:21)\n    at afterWrite (node:internal/streams/writable:708:5)\n    at afterWriteTick (node:internal/streams/writable:694:10)\n    at processTicksAndRejections (node:internal/process/task_queues:89:21)"},"responseTime":0,"msg":"request errored"}
{"severity":"INFO","time":"2026-04-12T15:05:12.843Z","service":"invite-backend","version":"0.0.0","msg":"Examples:  http://localhost:6066/examples/web/fingerprint-demo.html"}
{"severity":"WARN","time":"2026-04-12T15:05:12.844Z","service":"invite-backend","version":"0.0.0","req":{"id":"c7d9ad47-deee-48f2-a013-0738848fabdc","method":"GET","url":"/v1/unknown","query":{},"params":{},"headers":{"host":"127.0.0.1:49598","accept-encoding":"gzip, deflate","connection":"close"},"remoteAddress":"::ffff:127.0.0.1","remotePort":49599},"res":{"statusCode":404,"headers":{"cross-origin-opener-policy":"same-origin","cross-origin-resource-policy":"same-origin","origin-agent-cluster":"?1","referrer-policy":"no-referrer","strict-transport-security":"max-age=15552000; includeSubDomains","x-content-type-options":"nosniff","x-dns-prefetch-control":"off","x-download-options":"noopen","x-frame-options":"SAMEORIGIN","x-permitted-cross-domain-policies":"none","x-xss-protection":"0","vary":"Origin, Accept-Encoding","access-control-expose-headers":"X-Request-Id","x-request-id":"c7d9ad47-deee-48f2-a013-0738848fabdc","ratelimit-policy":"100;w=900","ratelimit-limit":"100","ratelimit-remaining":"99","ratelimit-reset":"60","content-type":"application/json; charset=utf-8","content-length":"78","etag":"W/\"4e-4oD1sVeAmrWfZ7Azbr19tPF8o8I\""}},"responseTime":0,"msg":"request completed"}
{"severity":"WARN","time":"2026-04-12T15:05:12.845Z","service":"invite-backend","version":"0.0.0","req":{"id":"8fcd40d9-a2bd-4fd8-8a0b-cc093a333308","method":"POST","url":"/v1/projects","query":{},"params":{},"headers":{"host":"127.0.0.1:49600","accept-encoding":"gzip, deflate","content-type":"application/json","content-length":"11","connection":"close"},"remoteAddress":"::ffff:127.0.0.1","remotePort":49601},"res":{"statusCode":400,"headers":{"cross-origin-opener-policy":"same-origin","cross-origin-resource-policy":"same-origin","origin-agent-cluster":"?1","referrer-policy":"no-referrer","strict-transport-security":"max-age=15552000; includeSubDomains","x-content-type-options":"nosniff","x-dns-prefetch-control":"off","x-download-options":"noopen","x-frame-options":"SAMEORIGIN","x-permitted-cross-domain-policies":"none","x-xss-protection":"0","vary":"Origin, Accept-Encoding","access-control-expose-headers":"X-Request-Id","x-request-id":"8fcd40d9-a2bd-4fd8-8a0b-cc093a333308","ratelimit-policy":"100;w=900","ratelimit-limit":"100","ratelimit-remaining":"98","ratelimit-reset":"60","content-type":"application/json; charset=utf-8","content-length":"175","etag":"W/\"af-biDMbqs6Sde8ZlCfKfs4sVL4Gx0\""}},"responseTime":0,"msg":"request completed"}
{"severity":"WARN","time":"2026-04-12T15:05:12.845Z","service":"invite-backend","version":"0.0.0","req":{"id":"08b6e49f-1b91-4978-b9fa-68ffa8889a82","method":"POST","url":"/v1/clicks","query":{},"params":{},"headers":{"host":"127.0.0.1:49602","accept-encoding":"gzip, deflate","content-type":"application/json","content-length":"18","connection":"close"},"remoteAddress":"::ffff:127.0.0.1","remotePort":49603},"res":{"statusCode":400,"headers":{"cross-origin-opener-policy":"same-origin","cross-origin-resource-policy":"same-origin","origin-agent-cluster":"?1","referrer-policy":"no-referrer","strict-transport-security":"max-age=15552000; includeSubDomains","x-content-type-options":"nosniff","x-dns-prefetch-control":"off","x-download-options":"noopen","x-frame-options":"SAMEORIGIN","x-permitted-cross-domain-policies":"none","x-xss-protection":"0","vary":"Origin, Accept-Encoding","access-control-expose-headers":"X-Request-Id","x-request-id":"08b6e49f-1b91-4978-b9fa-68ffa8889a82","ratelimit-policy":"100;w=900","ratelimit-limit":"100","ratelimit-remaining":"97","ratelimit-reset":"60","content-type":"application/json; charset=utf-8","content-length":"258","etag":"W/\"102-XcLHeNsmrAXUE59PNf7mL9ENVVs\""}},"responseTime":0,"msg":"request completed"}
{"severity":"WARN","time":"2026-04-12T15:05:12.846Z","service":"invite-backend","version":"0.0.0","req":{"id":"671ee229-a964-4fe6-a2d5-1d2e8e7e5bee","method":"POST","url":"/v1/resolutions","query":{},"params":{},"headers":{"host":"127.0.0.1:49604","accept-encoding":"gzip, deflate","content-type":"application/json","content-length":"34","connection":"close"},"remoteAddress":"::ffff:127.0.0.1","remotePort":49605},"res":{"statusCode":400,"headers":{"cross-origin-opener-policy":"same-origin","cross-origin-resource-policy":"same-origin","origin-agent-cluster":"?1","referrer-policy":"no-referrer","strict-transport-security":"max-age=15552000; includeSubDomains","x-content-type-options":"nosniff","x-dns-prefetch-control":"off","x-download-options":"noopen","x-frame-options":"SAMEORIGIN","x-permitted-cross-domain-policies":"none","x-xss-protection":"0","vary":"Origin, Accept-Encoding","access-control-expose-headers":"X-Request-Id","x-request-id":"671ee229-a964-4fe6-a2d5-1d2e8e7e5bee","ratelimit-policy":"10;w=60","ratelimit-limit":"10","ratelimit-remaining":"9","ratelimit-reset":"60","content-type":"application/json; charset=utf-8","content-length":"181","etag":"W/\"b5-UreW544UppKcRSB6H+WjNy+Qclk\""}},"responseTime":0,"msg":"request completed"}
{"severity":"INFO","time":"2026-04-12T15:05:12.875Z","service":"invite-backend","version":"0.0.0","msg":"Examples:  http://localhost:6066/examples/web/fingerprint-demo.html"}
{"severity":"INFO","time":"2026-04-12T15:05:12.884Z","service":"invite-backend","version":"0.0.0","clickEventId":"click_1","fingerprint":"9698dd358d3799ba93baf55f9bd7fee3363ee851c677125f0c9d3f839b2d2e55","inviteCode":"TESTCODE","msg":"Click event recorded"}
{"severity":"INFO","time":"2026-04-12T15:05:12.884Z","service":"invite-backend","version":"0.0.0","req":{"id":"bbdd97df-4ed2-4818-80d4-27425989b4f1","method":"POST","url":"/v1/clicks","query":{},"params":{},"headers":{"host":"127.0.0.1:49606","accept-encoding":"gzip, deflate","content-type":"application/json","content-length":"237","connection":"close"},"remoteAddress":"::ffff:127.0.0.1","remotePort":49607},"res":{"statusCode":200,"headers":{"cross-origin-opener-policy":"same-origin","cross-origin-resource-policy":"same-origin","origin-agent-cluster":"?1","referrer-policy":"no-referrer","strict-transport-security":"max-age=15552000; includeSubDomains","x-content-type-options":"nosniff","x-dns-prefetch-control":"off","x-download-options":"noopen","x-frame-options":"SAMEORIGIN","x-permitted-cross-domain-policies":"none","x-xss-protection":"0","vary":"Origin, Accept-Encoding","access-control-expose-headers":"X-Request-Id","x-request-id":"bbdd97df-4ed2-4818-80d4-27425989b4f1","ratelimit-policy":"100;w=900","ratelimit-limit":"100","ratelimit-remaining":"99","ratelimit-reset":"60","content-type":"application/json; charset=utf-8","content-length":"21","etag":"W/\"15-o6SNsgWRpriyReyG1X7aQa26CLY\""}},"responseTime":1,"msg":"request completed"}
PASS tests/integration/clicks.test.ts
PASS tests/integration/rateLimit.test.ts
{"severity":"INFO","time":"2026-04-12T15:05:12.884Z","service":"invite-backend","version":"0.0.0","msg":"Examples:  http://localhost:6066/examples/web/fingerprint-demo.html"}
{"severity":"INFO","time":"2026-04-12T15:05:12.886Z","service":"invite-backend","version":"0.0.0","clickEventId":"click_1","fingerprint":"9698dd358d3799ba93baf55f9bd7fee3363ee851c677125f0c9d3f839b2d2e55","inviteCode":"TESTCODE","msg":"Click event recorded"}
{"severity":"INFO","time":"2026-04-12T15:05:12.887Z","service":"invite-backend","version":"0.0.0","req":{"id":"5698f71a-c874-4ae6-81a2-fa3450f4c245","method":"POST","url":"/v1/clicks","query":{},"params":{},"headers":{"host":"127.0.0.1:49608","accept-encoding":"gzip, deflate","content-type":"application/json","content-length":"237","connection":"close"},"remoteAddress":"::ffff:127.0.0.1","remotePort":49609},"res":{"statusCode":200,"headers":{"cross-origin-opener-policy":"same-origin","cross-origin-resource-policy":"same-origin","origin-agent-cluster":"?1","referrer-policy":"no-referrer","strict-transport-security":"max-age=15552000; includeSubDomains","x-content-type-options":"nosniff","x-dns-prefetch-control":"off","x-download-options":"noopen","x-frame-options":"SAMEORIGIN","x-permitted-cross-domain-policies":"none","x-xss-protection":"0","vary":"Origin, Accept-Encoding","access-control-expose-headers":"X-Request-Id","x-request-id":"5698f71a-c874-4ae6-81a2-fa3450f4c245","ratelimit-policy":"100;w=900","ratelimit-limit":"100","ratelimit-remaining":"99","ratelimit-reset":"60","content-type":"application/json; charset=utf-8","content-length":"21","etag":"W/\"15-o6SNsgWRpriyReyG1X7aQa26CLY\""}},"responseTime":1,"msg":"request completed"}
{"severity":"INFO","time":"2026-04-12T15:05:12.887Z","service":"invite-backend","version":"0.0.0","msg":"Examples:  http://localhost:6066/examples/web/fingerprint-demo.html"}
{"severity":"INFO","time":"2026-04-12T15:05:12.889Z","service":"invite-backend","version":"0.0.0","clickEventId":"click_1","fingerprint":"9698dd358d3799ba93baf55f9bd7fee3363ee851c677125f0c9d3f839b2d2e55","inviteCode":"TESTCODE","msg":"Click event recorded"}
{"severity":"INFO","time":"2026-04-12T15:05:12.889Z","service":"invite-backend","version":"0.0.0","req":{"id":"d20da4fb-2667-4637-9300-ae4c6908db6d","method":"POST","url":"/v1/clicks","query":{},"params":{},"headers":{"host":"127.0.0.1:49610","accept-encoding":"gzip, deflate","content-type":"application/json","content-length":"237","connection":"close"},"remoteAddress":"::ffff:127.0.0.1","remotePort":49611},"res":{"statusCode":200,"headers":{"cross-origin-opener-policy":"same-origin","cross-origin-resource-policy":"same-origin","origin-agent-cluster":"?1","referrer-policy":"no-referrer","strict-transport-security":"max-age=15552000; includeSubDomains","x-content-type-options":"nosniff","x-dns-prefetch-control":"off","x-download-options":"noopen","x-frame-options":"SAMEORIGIN","x-permitted-cross-domain-policies":"none","x-xss-protection":"0","vary":"Origin, Accept-Encoding","access-control-expose-headers":"X-Request-Id","x-request-id":"d20da4fb-2667-4637-9300-ae4c6908db6d","ratelimit-policy":"100;w=900","ratelimit-limit":"100","ratelimit-remaining":"99","ratelimit-reset":"60","content-type":"application/json; charset=utf-8","content-length":"21","etag":"W/\"15-o6SNsgWRpriyReyG1X7aQa26CLY\""}},"responseTime":1,"msg":"request completed"}
{"severity":"INFO","time":"2026-04-12T15:05:12.889Z","service":"invite-backend","version":"0.0.0","msg":"Examples:  http://localhost:6066/examples/web/fingerprint-demo.html"}
{"severity":"WARN","time":"2026-04-12T15:05:12.891Z","service":"invite-backend","version":"0.0.0","req":{"id":"7950a53e-bb88-4a17-802f-df2b86d0c54f","method":"POST","url":"/v1/clicks","query":{},"params":{},"headers":{"host":"127.0.0.1:49612","accept-encoding":"gzip, deflate","content-type":"application/json","content-length":"18","connection":"close"},"remoteAddress":"::ffff:127.0.0.1","remotePort":49613},"res":{"statusCode":400,"headers":{"cross-origin-opener-policy":"same-origin","cross-origin-resource-policy":"same-origin","origin-agent-cluster":"?1","referrer-policy":"no-referrer","strict-transport-security":"max-age=15552000; includeSubDomains","x-content-type-options":"nosniff","x-dns-prefetch-control":"off","x-download-options":"noopen","x-frame-options":"SAMEORIGIN","x-permitted-cross-domain-policies":"none","x-xss-protection":"0","vary":"Origin, Accept-Encoding","access-control-expose-headers":"X-Request-Id","x-request-id":"7950a53e-bb88-4a17-802f-df2b86d0c54f","ratelimit-policy":"100;w=900","ratelimit-limit":"100","ratelimit-remaining":"99","ratelimit-reset":"60","content-type":"application/json; charset=utf-8","content-length":"258","etag":"W/\"102-XcLHeNsmrAXUE59PNf7mL9ENVVs\""}},"responseTime":0,"msg":"request completed"}
{"severity":"INFO","time":"2026-04-12T15:05:12.891Z","service":"invite-backend","version":"0.0.0","msg":"Examples:  http://localhost:6066/examples/web/fingerprint-demo.html"}
{"severity":"WARN","time":"2026-04-12T15:05:12.893Z","service":"invite-backend","version":"0.0.0","req":{"id":"b82e58e1-b576-4845-a807-86a339d12bf2","method":"POST","url":"/v1/clicks","query":{},"params":{},"headers":{"host":"127.0.0.1:49614","accept-encoding":"gzip, deflate","content-type":"application/json","content-length":"25","connection":"close"},"remoteAddress":"::ffff:127.0.0.1","remotePort":49615},"res":{"statusCode":400,"headers":{"cross-origin-opener-policy":"same-origin","cross-origin-resource-policy":"same-origin","origin-agent-cluster":"?1","referrer-policy":"no-referrer","strict-transport-security":"max-age=15552000; includeSubDomains","x-content-type-options":"nosniff","x-dns-prefetch-control":"off","x-download-options":"noopen","x-frame-options":"SAMEORIGIN","x-permitted-cross-domain-policies":"none","x-xss-protection":"0","vary":"Origin, Accept-Encoding","access-control-expose-headers":"X-Request-Id","x-request-id":"b82e58e1-b576-4845-a807-86a339d12bf2","ratelimit-policy":"100;w=900","ratelimit-limit":"100","ratelimit-remaining":"99","ratelimit-reset":"60","content-type":"application/json; charset=utf-8","content-length":"171","etag":"W/\"ab-kORBf7R3ytZ6nFueUjIIwlMDugY\""}},"responseTime":0,"msg":"request completed"}
{"severity":"INFO","time":"2026-04-12T15:05:12.893Z","service":"invite-backend","version":"0.0.0","msg":"Examples:  http://localhost:6066/examples/web/fingerprint-demo.html"}
{"severity":"INFO","time":"2026-04-12T15:05:12.895Z","service":"invite-backend","version":"0.0.0","clickEventId":"click_1","fingerprint":"9698dd358d3799ba93baf55f9bd7fee3363ee851c677125f0c9d3f839b2d2e55","inviteCode":"TESTCODE","msg":"Click event recorded"}
{"severity":"INFO","time":"2026-04-12T15:05:12.895Z","service":"invite-backend","version":"0.0.0","req":{"id":"a9ead2da-c7e8-489d-950c-ae39ad65c5d5","method":"POST","url":"/v1/clicks","query":{},"params":{},"headers":{"host":"127.0.0.1:49616","accept-encoding":"gzip, deflate","content-type":"application/json","content-length":"260","connection":"close"},"remoteAddress":"::ffff:127.0.0.1","remotePort":49617},"res":{"statusCode":200,"headers":{"cross-origin-opener-policy":"same-origin","cross-origin-resource-policy":"same-origin","origin-agent-cluster":"?1","referrer-policy":"no-referrer","strict-transport-security":"max-age=15552000; includeSubDomains","x-content-type-options":"nosniff","x-dns-prefetch-control":"off","x-download-options":"noopen","x-frame-options":"SAMEORIGIN","x-permitted-cross-domain-policies":"none","x-xss-protection":"0","vary":"Origin, Accept-Encoding","access-control-expose-headers":"X-Request-Id","x-request-id":"a9ead2da-c7e8-489d-950c-ae39ad65c5d5","ratelimit-policy":"100;w=900","ratelimit-limit":"100","ratelimit-remaining":"99","ratelimit-reset":"60","content-type":"application/json; charset=utf-8","content-length":"21","etag":"W/\"15-o6SNsgWRpriyReyG1X7aQa26CLY\""}},"responseTime":0,"msg":"request completed"}
{"severity":"INFO","time":"2026-04-12T15:05:12.895Z","service":"invite-backend","version":"0.0.0","msg":"Examples:  http://localhost:6066/examples/web/fingerprint-demo.html"}
{"severity":"INFO","time":"2026-04-12T15:05:12.897Z","service":"invite-backend","version":"0.0.0","clickEventId":"click_1","fingerprint":"9698dd358d3799ba93baf55f9bd7fee3363ee851c677125f0c9d3f839b2d2e55","inviteCode":"TESTCODE","msg":"Click event recorded"}
{"severity":"INFO","time":"2026-04-12T15:05:12.897Z","service":"invite-backend","version":"0.0.0","req":{"id":"a6addc91-cd26-4563-8e85-5fbbd8a6834f","method":"POST","url":"/v1/clicks","query":{},"params":{},"headers":{"host":"127.0.0.1:49618","accept-encoding":"gzip, deflate","content-type":"application/json","content-length":"275","connection":"close"},"remoteAddress":"::ffff:127.0.0.1","remotePort":49619},"res":{"statusCode":200,"headers":{"cross-origin-opener-policy":"same-origin","cross-origin-resource-policy":"same-origin","origin-agent-cluster":"?1","referrer-policy":"no-referrer","strict-transport-security":"max-age=15552000; includeSubDomains","x-content-type-options":"nosniff","x-dns-prefetch-control":"off","x-download-options":"noopen","x-frame-options":"SAMEORIGIN","x-permitted-cross-domain-policies":"none","x-xss-protection":"0","vary":"Origin, Accept-Encoding","access-control-expose-headers":"X-Request-Id","x-request-id":"a6addc91-cd26-4563-8e85-5fbbd8a6834f","ratelimit-policy":"100;w=900","ratelimit-limit":"100","ratelimit-remaining":"99","ratelimit-reset":"60","content-type":"application/json; charset=utf-8","content-length":"21","etag":"W/\"15-o6SNsgWRpriyReyG1X7aQa26CLY\""}},"responseTime":0,"msg":"request completed"}
{"severity":"INFO","time":"2026-04-12T15:05:12.898Z","service":"invite-backend","version":"0.0.0","msg":"Examples:  http://localhost:6066/examples/web/fingerprint-demo.html"}
{"severity":"INFO","time":"2026-04-12T15:05:12.899Z","service":"invite-backend","version":"0.0.0","clickEventId":"click_1","fingerprint":"9698dd358d3799ba93baf55f9bd7fee3363ee851c677125f0c9d3f839b2d2e55","inviteCode":"TESTCODE","msg":"Click event recorded"}
{"severity":"INFO","time":"2026-04-12T15:05:12.899Z","service":"invite-backend","version":"0.0.0","req":{"id":"e0897c0d-e416-4a60-bdd9-0f37389df604","method":"POST","url":"/v1/clicks","query":{},"params":{},"headers":{"host":"127.0.0.1:49620","accept-encoding":"gzip, deflate","content-type":"application/json","content-length":"264","connection":"close"},"remoteAddress":"::ffff:127.0.0.1","remotePort":49621},"res":{"statusCode":200,"headers":{"cross-origin-opener-policy":"same-origin","cross-origin-resource-policy":"same-origin","origin-agent-cluster":"?1","referrer-policy":"no-referrer","strict-transport-security":"max-age=15552000; includeSubDomains","x-content-type-options":"nosniff","x-dns-prefetch-control":"off","x-download-options":"noopen","x-frame-options":"SAMEORIGIN","x-permitted-cross-domain-policies":"none","x-xss-protection":"0","vary":"Origin, Accept-Encoding","access-control-expose-headers":"X-Request-Id","x-request-id":"e0897c0d-e416-4a60-bdd9-0f37389df604","ratelimit-policy":"100;w=900","ratelimit-limit":"100","ratelimit-remaining":"99","ratelimit-reset":"60","content-type":"application/json; charset=utf-8","content-length":"21","etag":"W/\"15-o6SNsgWRpriyReyG1X7aQa26CLY\""}},"responseTime":0,"msg":"request completed"}
{"severity":"INFO","time":"2026-04-12T15:05:12.931Z","service":"invite-backend","version":"0.0.0","msg":"Examples:  http://localhost:6066/examples/web/fingerprint-demo.html"}
{"severity":"INFO","time":"2026-04-12T15:05:12.935Z","service":"invite-backend","version":"0.0.0","req":{"id":"82f85482-1a36-4f2b-9b43-e5a5825d73c6","method":"GET","url":"/health","query":{},"params":{},"headers":{"host":"127.0.0.1:49622","accept-encoding":"gzip, deflate","x-forwarded-for":"192.168.50.1","connection":"close"},"remoteAddress":"::ffff:127.0.0.1","remotePort":49623},"res":{"statusCode":200,"headers":{"cross-origin-opener-policy":"same-origin","cross-origin-resource-policy":"same-origin","origin-agent-cluster":"?1","referrer-policy":"no-referrer","strict-transport-security":"max-age=15552000; includeSubDomains","x-content-type-options":"nosniff","x-dns-prefetch-control":"off","x-download-options":"noopen","x-frame-options":"SAMEORIGIN","x-permitted-cross-domain-policies":"none","x-xss-protection":"0","vary":"Origin, Accept-Encoding","access-control-expose-headers":"X-Request-Id","x-request-id":"82f85482-1a36-4f2b-9b43-e5a5825d73c6","ratelimit-policy":"100;w=900","ratelimit-limit":"100","ratelimit-remaining":"99","ratelimit-reset":"60","content-type":"application/json; charset=utf-8","content-length":"93","etag":"W/\"5d-gZCjEmUA+8xcMU6LJqsnTyc1vos\""}},"responseTime":0,"msg":"request completed"}
{"severity":"INFO","time":"2026-04-12T15:05:12.936Z","service":"invite-backend","version":"0.0.0","msg":"Examples:  http://localhost:6066/examples/web/fingerprint-demo.html"}
{"severity":"INFO","time":"2026-04-12T15:05:12.938Z","service":"invite-backend","version":"0.0.0","req":{"id":"89b78f5c-9a66-43a4-a746-b10a84d90153","method":"GET","url":"/health","query":{},"params":{},"headers":{"host":"127.0.0.1:49624","accept-encoding":"gzip, deflate","x-forwarded-for":"192.168.50.2","connection":"close"},"remoteAddress":"::ffff:127.0.0.1","remotePort":49625},"res":{"statusCode":200,"headers":{"cross-origin-opener-policy":"same-origin","cross-origin-resource-policy":"same-origin","origin-agent-cluster":"?1","referrer-policy":"no-referrer","strict-transport-security":"max-age=15552000; includeSubDomains","x-content-type-options":"nosniff","x-dns-prefetch-control":"off","x-download-options":"noopen","x-frame-options":"SAMEORIGIN","x-permitted-cross-domain-policies":"none","x-xss-protection":"0","vary":"Origin, Accept-Encoding","access-control-expose-headers":"X-Request-Id","x-request-id":"89b78f5c-9a66-43a4-a746-b10a84d90153","ratelimit-policy":"100;w=900","ratelimit-limit":"100","ratelimit-remaining":"99","ratelimit-reset":"60","content-type":"application/json; charset=utf-8","content-length":"93","etag":"W/\"5d-dBBObzO0CgHGo3Ni1sHpi9RJDfE\""}},"responseTime":0,"msg":"request completed"}
{"severity":"INFO","time":"2026-04-12T15:05:12.938Z","service":"invite-backend","version":"0.0.0","req":{"id":"c6acb725-69d9-436b-a7c4-9474f27d6573","method":"GET","url":"/health","query":{},"params":{},"headers":{"host":"127.0.0.1:49626","accept-encoding":"gzip, deflate","x-forwarded-for":"192.168.50.2","connection":"close"},"remoteAddress":"::ffff:127.0.0.1","remotePort":49627},"res":{"statusCode":200,"headers":{"cross-origin-opener-policy":"same-origin","cross-origin-resource-policy":"same-origin","origin-agent-cluster":"?1","referrer-policy":"no-referrer","strict-transport-security":"max-age=15552000; includeSubDomains","x-content-type-options":"nosniff","x-dns-prefetch-control":"off","x-download-options":"noopen","x-frame-options":"SAMEORIGIN","x-permitted-cross-domain-policies":"none","x-xss-protection":"0","vary":"Origin, Accept-Encoding","access-control-expose-headers":"X-Request-Id","x-request-id":"c6acb725-69d9-436b-a7c4-9474f27d6573","ratelimit-policy":"100;w=900","ratelimit-limit":"100","ratelimit-remaining":"98","ratelimit-reset":"60","content-type":"application/json; charset=utf-8","content-length":"93","etag":"W/\"5d-dBBObzO0CgHGo3Ni1sHpi9RJDfE\""}},"responseTime":0,"msg":"request completed"}
{"severity":"INFO","time":"2026-04-12T15:05:12.939Z","service":"invite-backend","version":"0.0.0","msg":"Examples:  http://localhost:6066/examples/web/fingerprint-demo.html"}
{"severity":"INFO","time":"2026-04-12T15:05:12.941Z","service":"invite-backend","version":"0.0.0","fingerprint":"a65b77c801afa84cfdb786a3be590287e9365b69b757c4a2d0383bbe1cd98e6a","msg":"No match found (fingerprint + clipboard)"}
{"severity":"INFO","time":"2026-04-12T15:05:12.941Z","service":"invite-backend","version":"0.0.0","req":{"id":"9f488b39-cec1-40d5-bcd0-78b3e20d30c5","method":"POST","url":"/v1/resolutions","query":{},"params":{},"headers":{"host":"127.0.0.1:49628","accept-encoding":"gzip, deflate","x-forwarded-for":"192.168.50.3","content-type":"application/json","content-length":"119","connection":"close"},"remoteAddress":"::ffff:127.0.0.1","remotePort":49629},"res":{"statusCode":200,"headers":{"cross-origin-opener-policy":"same-origin","cross-origin-resource-policy":"same-origin","origin-agent-cluster":"?1","referrer-policy":"no-referrer","strict-transport-security":"max-age=15552000; includeSubDomains","x-content-type-options":"nosniff","x-dns-prefetch-control":"off","x-download-options":"noopen","x-frame-options":"SAMEORIGIN","x-permitted-cross-domain-policies":"none","x-xss-protection":"0","vary":"Origin, Accept-Encoding","access-control-expose-headers":"X-Request-Id","x-request-id":"9f488b39-cec1-40d5-bcd0-78b3e20d30c5","ratelimit-policy":"10;w=60","ratelimit-limit":"10","ratelimit-remaining":"9","ratelimit-reset":"60","content-type":"application/json; charset=utf-8","content-length":"17","etag":"W/\"11-0lKa9L8JtTRUaOViOj/xzX9HOJw\""}},"responseTime":0,"msg":"request completed"}
{"severity":"INFO","time":"2026-04-12T15:05:12.942Z","service":"invite-backend","version":"0.0.0","fingerprint":"a65b77c801afa84cfdb786a3be590287e9365b69b757c4a2d0383bbe1cd98e6a","msg":"No match found (fingerprint + clipboard)"}
{"severity":"INFO","time":"2026-04-12T15:05:12.942Z","service":"invite-backend","version":"0.0.0","req":{"id":"eb05bd22-82f7-4cf7-a7a0-d19abebb306c","method":"POST","url":"/v1/resolutions","query":{},"params":{},"headers":{"host":"127.0.0.1:49630","accept-encoding":"gzip, deflate","x-forwarded-for":"192.168.50.3","content-type":"application/json","content-length":"119","connection":"close"},"remoteAddress":"::ffff:127.0.0.1","remotePort":49631},"res":{"statusCode":200,"headers":{"cross-origin-opener-policy":"same-origin","cross-origin-resource-policy":"same-origin","origin-agent-cluster":"?1","referrer-policy":"no-referrer","strict-transport-security":"max-age=15552000; includeSubDomains","x-content-type-options":"nosniff","x-dns-prefetch-control":"off","x-download-options":"noopen","x-frame-options":"SAMEORIGIN","x-permitted-cross-domain-policies":"none","x-xss-protection":"0","vary":"Origin, Accept-Encoding","access-control-expose-headers":"X-Request-Id","x-request-id":"eb05bd22-82f7-4cf7-a7a0-d19abebb306c","ratelimit-policy":"10;w=60","ratelimit-limit":"10","ratelimit-remaining":"8","ratelimit-reset":"60","content-type":"application/json; charset=utf-8","content-length":"17","etag":"W/\"11-0lKa9L8JtTRUaOViOj/xzX9HOJw\""}},"responseTime":0,"msg":"request completed"}
{"severity":"INFO","time":"2026-04-12T15:05:12.943Z","service":"invite-backend","version":"0.0.0","fingerprint":"a65b77c801afa84cfdb786a3be590287e9365b69b757c4a2d0383bbe1cd98e6a","msg":"No match found (fingerprint + clipboard)"}
{"severity":"INFO","time":"2026-04-12T15:05:12.943Z","service":"invite-backend","version":"0.0.0","req":{"id":"7159bce4-bac1-4717-b13d-d59d03305f15","method":"POST","url":"/v1/resolutions","query":{},"params":{},"headers":{"host":"127.0.0.1:49632","accept-encoding":"gzip, deflate","x-forwarded-for":"192.168.50.3","content-type":"application/json","content-length":"119","connection":"close"},"remoteAddress":"::ffff:127.0.0.1","remotePort":49633},"res":{"statusCode":200,"headers":{"cross-origin-opener-policy":"same-origin","cross-origin-resource-policy":"same-origin","origin-agent-cluster":"?1","referrer-policy":"no-referrer","strict-transport-security":"max-age=15552000; includeSubDomains","x-content-type-options":"nosniff","x-dns-prefetch-control":"off","x-download-options":"noopen","x-frame-options":"SAMEORIGIN","x-permitted-cross-domain-policies":"none","x-xss-protection":"0","vary":"Origin, Accept-Encoding","access-control-expose-headers":"X-Request-Id","x-request-id":"7159bce4-bac1-4717-b13d-d59d03305f15","ratelimit-policy":"10;w=60","ratelimit-limit":"10","ratelimit-remaining":"7","ratelimit-reset":"60","content-type":"application/json; charset=utf-8","content-length":"17","etag":"W/\"11-0lKa9L8JtTRUaOViOj/xzX9HOJw\""}},"responseTime":1,"msg":"request completed"}
{"severity":"INFO","time":"2026-04-12T15:05:12.943Z","service":"invite-backend","version":"0.0.0","fingerprint":"a65b77c801afa84cfdb786a3be590287e9365b69b757c4a2d0383bbe1cd98e6a","msg":"No match found (fingerprint + clipboard)"}
{"severity":"INFO","time":"2026-04-12T15:05:12.943Z","service":"invite-backend","version":"0.0.0","req":{"id":"99f4d962-5d27-451d-909d-d57275b93ea2","method":"POST","url":"/v1/resolutions","query":{},"params":{},"headers":{"host":"127.0.0.1:49634","accept-encoding":"gzip, deflate","x-forwarded-for":"192.168.50.3","content-type":"application/json","content-length":"119","connection":"close"},"remoteAddress":"::ffff:127.0.0.1","remotePort":49635},"res":{"statusCode":200,"headers":{"cross-origin-opener-policy":"same-origin","cross-origin-resource-policy":"same-origin","origin-agent-cluster":"?1","referrer-policy":"no-referrer","strict-transport-security":"max-age=15552000; includeSubDomains","x-content-type-options":"nosniff","x-dns-prefetch-control":"off","x-download-options":"noopen","x-frame-options":"SAMEORIGIN","x-permitted-cross-domain-policies":"none","x-xss-protection":"0","vary":"Origin, Accept-Encoding","access-control-expose-headers":"X-Request-Id","x-request-id":"99f4d962-5d27-451d-909d-d57275b93ea2","ratelimit-policy":"10;w=60","ratelimit-limit":"10","ratelimit-remaining":"6","ratelimit-reset":"60","content-type":"application/json; charset=utf-8","content-length":"17","etag":"W/\"11-0lKa9L8JtTRUaOViOj/xzX9HOJw\""}},"responseTime":0,"msg":"request completed"}
{"severity":"INFO","time":"2026-04-12T15:05:12.943Z","service":"invite-backend","version":"0.0.0","fingerprint":"a65b77c801afa84cfdb786a3be590287e9365b69b757c4a2d0383bbe1cd98e6a","msg":"No match found (fingerprint + clipboard)"}
{"severity":"INFO","time":"2026-04-12T15:05:12.943Z","service":"invite-backend","version":"0.0.0","req":{"id":"6736eab8-a0a7-43af-bdfe-5943b6c2d3bd","method":"POST","url":"/v1/resolutions","query":{},"params":{},"headers":{"host":"127.0.0.1:49636","accept-encoding":"gzip, deflate","x-forwarded-for":"192.168.50.3","content-type":"application/json","content-length":"119","connection":"close"},"remoteAddress":"::ffff:127.0.0.1","remotePort":49637},"res":{"statusCode":200,"headers":{"cross-origin-opener-policy":"same-origin","cross-origin-resource-policy":"same-origin","origin-agent-cluster":"?1","referrer-policy":"no-referrer","strict-transport-security":"max-age=15552000; includeSubDomains","x-content-type-options":"nosniff","x-dns-prefetch-control":"off","x-download-options":"noopen","x-frame-options":"SAMEORIGIN","x-permitted-cross-domain-policies":"none","x-xss-protection":"0","vary":"Origin, Accept-Encoding","access-control-expose-headers":"X-Request-Id","x-request-id":"6736eab8-a0a7-43af-bdfe-5943b6c2d3bd","ratelimit-policy":"10;w=60","ratelimit-limit":"10","ratelimit-remaining":"5","ratelimit-reset":"60","content-type":"application/json; charset=utf-8","content-length":"17","etag":"W/\"11-0lKa9L8JtTRUaOViOj/xzX9HOJw\""}},"responseTime":0,"msg":"request completed"}
{"severity":"INFO","time":"2026-04-12T15:05:12.944Z","service":"invite-backend","version":"0.0.0","fingerprint":"a65b77c801afa84cfdb786a3be590287e9365b69b757c4a2d0383bbe1cd98e6a","msg":"No match found (fingerprint + clipboard)"}
{"severity":"INFO","time":"2026-04-12T15:05:12.944Z","service":"invite-backend","version":"0.0.0","req":{"id":"a3516e23-b233-4031-aa90-e2061d74679b","method":"POST","url":"/v1/resolutions","query":{},"params":{},"headers":{"host":"127.0.0.1:49638","accept-encoding":"gzip, deflate","x-forwarded-for":"192.168.50.3","content-type":"application/json","content-length":"119","connection":"close"},"remoteAddress":"::ffff:127.0.0.1","remotePort":49639},"res":{"statusCode":200,"headers":{"cross-origin-opener-policy":"same-origin","cross-origin-resource-policy":"same-origin","origin-agent-cluster":"?1","referrer-policy":"no-referrer","strict-transport-security":"max-age=15552000; includeSubDomains","x-content-type-options":"nosniff","x-dns-prefetch-control":"off","x-download-options":"noopen","x-frame-options":"SAMEORIGIN","x-permitted-cross-domain-policies":"none","x-xss-protection":"0","vary":"Origin, Accept-Encoding","access-control-expose-headers":"X-Request-Id","x-request-id":"a3516e23-b233-4031-aa90-e2061d74679b","ratelimit-policy":"10;w=60","ratelimit-limit":"10","ratelimit-remaining":"4","ratelimit-reset":"60","content-type":"application/json; charset=utf-8","content-length":"17","etag":"W/\"11-0lKa9L8JtTRUaOViOj/xzX9HOJw\""}},"responseTime":0,"msg":"request completed"}
{"severity":"INFO","time":"2026-04-12T15:05:12.944Z","service":"invite-backend","version":"0.0.0","fingerprint":"a65b77c801afa84cfdb786a3be590287e9365b69b757c4a2d0383bbe1cd98e6a","msg":"No match found (fingerprint + clipboard)"}
{"severity":"INFO","time":"2026-04-12T15:05:12.944Z","service":"invite-backend","version":"0.0.0","req":{"id":"8d6b18b5-46ee-4abb-8eaf-e4c4daea6241","method":"POST","url":"/v1/resolutions","query":{},"params":{},"headers":{"host":"127.0.0.1:49640","accept-encoding":"gzip, deflate","x-forwarded-for":"192.168.50.3","content-type":"application/json","content-length":"119","connection":"close"},"remoteAddress":"::ffff:127.0.0.1","remotePort":49641},"res":{"statusCode":200,"headers":{"cross-origin-opener-policy":"same-origin","cross-origin-resource-policy":"same-origin","origin-agent-cluster":"?1","referrer-policy":"no-referrer","strict-transport-security":"max-age=15552000; includeSubDomains","x-content-type-options":"nosniff","x-dns-prefetch-control":"off","x-download-options":"noopen","x-frame-options":"SAMEORIGIN","x-permitted-cross-domain-policies":"none","x-xss-protection":"0","vary":"Origin, Accept-Encoding","access-control-expose-headers":"X-Request-Id","x-request-id":"8d6b18b5-46ee-4abb-8eaf-e4c4daea6241","ratelimit-policy":"10;w=60","ratelimit-limit":"10","ratelimit-remaining":"3","ratelimit-reset":"60","content-type":"application/json; charset=utf-8","content-length":"17","etag":"W/\"11-0lKa9L8JtTRUaOViOj/xzX9HOJw\""}},"responseTime":0,"msg":"request completed"}
{"severity":"INFO","time":"2026-04-12T15:05:12.945Z","service":"invite-backend","version":"0.0.0","fingerprint":"a65b77c801afa84cfdb786a3be590287e9365b69b757c4a2d0383bbe1cd98e6a","msg":"No match found (fingerprint + clipboard)"}
{"severity":"INFO","time":"2026-04-12T15:05:12.945Z","service":"invite-backend","version":"0.0.0","req":{"id":"4f184485-9a98-43a8-b7a3-d9264a5b0971","method":"POST","url":"/v1/resolutions","query":{},"params":{},"headers":{"host":"127.0.0.1:49642","accept-encoding":"gzip, deflate","x-forwarded-for":"192.168.50.3","content-type":"application/json","content-length":"119","connection":"close"},"remoteAddress":"::ffff:127.0.0.1","remotePort":49643},"res":{"statusCode":200,"headers":{"cross-origin-opener-policy":"same-origin","cross-origin-resource-policy":"same-origin","origin-agent-cluster":"?1","referrer-policy":"no-referrer","strict-transport-security":"max-age=15552000; includeSubDomains","x-content-type-options":"nosniff","x-dns-prefetch-control":"off","x-download-options":"noopen","x-frame-options":"SAMEORIGIN","x-permitted-cross-domain-policies":"none","x-xss-protection":"0","vary":"Origin, Accept-Encoding","access-control-expose-headers":"X-Request-Id","x-request-id":"4f184485-9a98-43a8-b7a3-d9264a5b0971","ratelimit-policy":"10;w=60","ratelimit-limit":"10","ratelimit-remaining":"2","ratelimit-reset":"60","content-type":"application/json; charset=utf-8","content-length":"17","etag":"W/\"11-0lKa9L8JtTRUaOViOj/xzX9HOJw\""}},"responseTime":0,"msg":"request completed"}
{"severity":"INFO","time":"2026-04-12T15:05:12.945Z","service":"invite-backend","version":"0.0.0","fingerprint":"a65b77c801afa84cfdb786a3be590287e9365b69b757c4a2d0383bbe1cd98e6a","msg":"No match found (fingerprint + clipboard)"}
{"severity":"INFO","time":"2026-04-12T15:05:12.945Z","service":"invite-backend","version":"0.0.0","req":{"id":"a8edf429-3ac2-4eb7-bae4-f61a4222df13","method":"POST","url":"/v1/resolutions","query":{},"params":{},"headers":{"host":"127.0.0.1:49644","accept-encoding":"gzip, deflate","x-forwarded-for":"192.168.50.3","content-type":"application/json","content-length":"119","connection":"close"},"remoteAddress":"::ffff:127.0.0.1","remotePort":49645},"res":{"statusCode":200,"headers":{"cross-origin-opener-policy":"same-origin","cross-origin-resource-policy":"same-origin","origin-agent-cluster":"?1","referrer-policy":"no-referrer","strict-transport-security":"max-age=15552000; includeSubDomains","x-content-type-options":"nosniff","x-dns-prefetch-control":"off","x-download-options":"noopen","x-frame-options":"SAMEORIGIN","x-permitted-cross-domain-policies":"none","x-xss-protection":"0","vary":"Origin, Accept-Encoding","access-control-expose-headers":"X-Request-Id","x-request-id":"a8edf429-3ac2-4eb7-bae4-f61a4222df13","ratelimit-policy":"10;w=60","ratelimit-limit":"10","ratelimit-remaining":"1","ratelimit-reset":"60","content-type":"application/json; charset=utf-8","content-length":"17","etag":"W/\"11-0lKa9L8JtTRUaOViOj/xzX9HOJw\""}},"responseTime":0,"msg":"request completed"}
{"severity":"INFO","time":"2026-04-12T15:05:12.946Z","service":"invite-backend","version":"0.0.0","fingerprint":"a65b77c801afa84cfdb786a3be590287e9365b69b757c4a2d0383bbe1cd98e6a","msg":"No match found (fingerprint + clipboard)"}
{"severity":"INFO","time":"2026-04-12T15:05:12.946Z","service":"invite-backend","version":"0.0.0","req":{"id":"7d967cd9-b13e-42a8-85c5-70bcdda92a52","method":"POST","url":"/v1/resolutions","query":{},"params":{},"headers":{"host":"127.0.0.1:49646","accept-encoding":"gzip, deflate","x-forwarded-for":"192.168.50.3","content-type":"application/json","content-length":"119","connection":"close"},"remoteAddress":"::ffff:127.0.0.1","remotePort":49647},"res":{"statusCode":200,"headers":{"cross-origin-opener-policy":"same-origin","cross-origin-resource-policy":"same-origin","origin-agent-cluster":"?1","referrer-policy":"no-referrer","strict-transport-security":"max-age=15552000; includeSubDomains","x-content-type-options":"nosniff","x-dns-prefetch-control":"off","x-download-options":"noopen","x-frame-options":"SAMEORIGIN","x-permitted-cross-domain-policies":"none","x-xss-protection":"0","vary":"Origin, Accept-Encoding","access-control-expose-headers":"X-Request-Id","x-request-id":"7d967cd9-b13e-42a8-85c5-70bcdda92a52","ratelimit-policy":"10;w=60","ratelimit-limit":"10","ratelimit-remaining":"0","ratelimit-reset":"60","content-type":"application/json; charset=utf-8","content-length":"17","etag":"W/\"11-0lKa9L8JtTRUaOViOj/xzX9HOJw\""}},"responseTime":0,"msg":"request completed"}
{"severity":"WARN","time":"2026-04-12T15:05:12.946Z","service":"invite-backend","version":"0.0.0","req":{"id":"f1c20de4-dde1-49e6-af23-d6252a79b361","method":"POST","url":"/v1/resolutions","query":{},"params":{},"headers":{"host":"127.0.0.1:49648","accept-encoding":"gzip, deflate","x-forwarded-for":"192.168.50.3","content-type":"application/json","content-length":"119","connection":"close"},"remoteAddress":"::ffff:127.0.0.1","remotePort":49649},"res":{"statusCode":429,"headers":{"cross-origin-opener-policy":"same-origin","cross-origin-resource-policy":"same-origin","origin-agent-cluster":"?1","referrer-policy":"no-referrer","strict-transport-security":"max-age=15552000; includeSubDomains","x-content-type-options":"nosniff","x-dns-prefetch-control":"off","x-download-options":"noopen","x-frame-options":"SAMEORIGIN","x-permitted-cross-domain-policies":"none","x-xss-protection":"0","vary":"Origin, Accept-Encoding","access-control-expose-headers":"X-Request-Id","x-request-id":"f1c20de4-dde1-49e6-af23-d6252a79b361","ratelimit-policy":"10;w=60","ratelimit-limit":"10","ratelimit-remaining":"0","ratelimit-reset":"60","retry-after":"60","content-type":"application/json; charset=utf-8","content-length":"70","etag":"W/\"46-xtS220mFdKLL7zy+yXUm8XOin3k\""}},"responseTime":0,"msg":"request completed"}
{"severity":"INFO","time":"2026-04-12T15:05:12.947Z","service":"invite-backend","version":"0.0.0","msg":"Examples:  http://localhost:6066/examples/web/fingerprint-demo.html"}
{"severity":"INFO","time":"2026-04-12T15:05:12.948Z","service":"invite-backend","version":"0.0.0","fingerprint":"a65b77c801afa84cfdb786a3be590287e9365b69b757c4a2d0383bbe1cd98e6a","msg":"No match found (fingerprint + clipboard)"}
{"severity":"INFO","time":"2026-04-12T15:05:12.948Z","service":"invite-backend","version":"0.0.0","req":{"id":"986762ed-1fbf-4cf7-adbd-2aba69ac127a","method":"POST","url":"/v1/resolutions","query":{},"params":{},"headers":{"host":"127.0.0.1:49650","accept-encoding":"gzip, deflate","x-forwarded-for":"192.168.50.4","content-type":"application/json","content-length":"119","connection":"close"},"remoteAddress":"::ffff:127.0.0.1","remotePort":49651},"res":{"statusCode":200,"headers":{"cross-origin-opener-policy":"same-origin","cross-origin-resource-policy":"same-origin","origin-agent-cluster":"?1","referrer-policy":"no-referrer","strict-transport-security":"max-age=15552000; includeSubDomains","x-content-type-options":"nosniff","x-dns-prefetch-control":"off","x-download-options":"noopen","x-frame-options":"SAMEORIGIN","x-permitted-cross-domain-policies":"none","x-xss-protection":"0","vary":"Origin, Accept-Encoding","access-control-expose-headers":"X-Request-Id","x-request-id":"986762ed-1fbf-4cf7-adbd-2aba69ac127a","ratelimit-policy":"10;w=60","ratelimit-limit":"10","ratelimit-remaining":"9","ratelimit-reset":"60","content-type":"application/json; charset=utf-8","content-length":"17","etag":"W/\"11-0lKa9L8JtTRUaOViOj/xzX9HOJw\""}},"responseTime":0,"msg":"request completed"}
{"severity":"INFO","time":"2026-04-12T15:05:12.949Z","service":"invite-backend","version":"0.0.0","fingerprint":"a65b77c801afa84cfdb786a3be590287e9365b69b757c4a2d0383bbe1cd98e6a","msg":"No match found (fingerprint + clipboard)"}
{"severity":"INFO","time":"2026-04-12T15:05:12.949Z","service":"invite-backend","version":"0.0.0","req":{"id":"3ad344d4-4fa1-4fb0-9fbc-530d69d77127","method":"POST","url":"/v1/resolutions","query":{},"params":{},"headers":{"host":"127.0.0.1:49652","accept-encoding":"gzip, deflate","x-forwarded-for":"192.168.50.4","content-type":"application/json","content-length":"119","connection":"close"},"remoteAddress":"::ffff:127.0.0.1","remotePort":49653},"res":{"statusCode":200,"headers":{"cross-origin-opener-policy":"same-origin","cross-origin-resource-policy":"same-origin","origin-agent-cluster":"?1","referrer-policy":"no-referrer","strict-transport-security":"max-age=15552000; includeSubDomains","x-content-type-options":"nosniff","x-dns-prefetch-control":"off","x-download-options":"noopen","x-frame-options":"SAMEORIGIN","x-permitted-cross-domain-policies":"none","x-xss-protection":"0","vary":"Origin, Accept-Encoding","access-control-expose-headers":"X-Request-Id","x-request-id":"3ad344d4-4fa1-4fb0-9fbc-530d69d77127","ratelimit-policy":"10;w=60","ratelimit-limit":"10","ratelimit-remaining":"8","ratelimit-reset":"60","content-type":"application/json; charset=utf-8","content-length":"17","etag":"W/\"11-0lKa9L8JtTRUaOViOj/xzX9HOJw\""}},"responseTime":0,"msg":"request completed"}
{"severity":"INFO","time":"2026-04-12T15:05:12.949Z","service":"invite-backend","version":"0.0.0","fingerprint":"a65b77c801afa84cfdb786a3be590287e9365b69b757c4a2d0383bbe1cd98e6a","msg":"No match found (fingerprint + clipboard)"}
{"severity":"INFO","time":"2026-04-12T15:05:12.950Z","service":"invite-backend","version":"0.0.0","req":{"id":"c8032cee-c180-40f2-a2d7-094bd336ce73","method":"POST","url":"/v1/resolutions","query":{},"params":{},"headers":{"host":"127.0.0.1:49654","accept-encoding":"gzip, deflate","x-forwarded-for":"192.168.50.4","content-type":"application/json","content-length":"119","connection":"close"},"remoteAddress":"::ffff:127.0.0.1","remotePort":49655},"res":{"statusCode":200,"headers":{"cross-origin-opener-policy":"same-origin","cross-origin-resource-policy":"same-origin","origin-agent-cluster":"?1","referrer-policy":"no-referrer","strict-transport-security":"max-age=15552000; includeSubDomains","x-content-type-options":"nosniff","x-dns-prefetch-control":"off","x-download-options":"noopen","x-frame-options":"SAMEORIGIN","x-permitted-cross-domain-policies":"none","x-xss-protection":"0","vary":"Origin, Accept-Encoding","access-control-expose-headers":"X-Request-Id","x-request-id":"c8032cee-c180-40f2-a2d7-094bd336ce73","ratelimit-policy":"10;w=60","ratelimit-limit":"10","ratelimit-remaining":"7","ratelimit-reset":"60","content-type":"application/json; charset=utf-8","content-length":"17","etag":"W/\"11-0lKa9L8JtTRUaOViOj/xzX9HOJw\""}},"responseTime":1,"msg":"request completed"}
{"severity":"INFO","time":"2026-04-12T15:05:12.950Z","service":"invite-backend","version":"0.0.0","fingerprint":"a65b77c801afa84cfdb786a3be590287e9365b69b757c4a2d0383bbe1cd98e6a","msg":"No match found (fingerprint + clipboard)"}
{"severity":"INFO","time":"2026-04-12T15:05:12.950Z","service":"invite-backend","version":"0.0.0","req":{"id":"4bb7eca8-fc8f-49d5-8101-db6ab2a6d127","method":"POST","url":"/v1/resolutions","query":{},"params":{},"headers":{"host":"127.0.0.1:49656","accept-encoding":"gzip, deflate","x-forwarded-for":"192.168.50.4","content-type":"application/json","content-length":"119","connection":"close"},"remoteAddress":"::ffff:127.0.0.1","remotePort":49657},"res":{"statusCode":200,"headers":{"cross-origin-opener-policy":"same-origin","cross-origin-resource-policy":"same-origin","origin-agent-cluster":"?1","referrer-policy":"no-referrer","strict-transport-security":"max-age=15552000; includeSubDomains","x-content-type-options":"nosniff","x-dns-prefetch-control":"off","x-download-options":"noopen","x-frame-options":"SAMEORIGIN","x-permitted-cross-domain-policies":"none","x-xss-protection":"0","vary":"Origin, Accept-Encoding","access-control-expose-headers":"X-Request-Id","x-request-id":"4bb7eca8-fc8f-49d5-8101-db6ab2a6d127","ratelimit-policy":"10;w=60","ratelimit-limit":"10","ratelimit-remaining":"6","ratelimit-reset":"60","content-type":"application/json; charset=utf-8","content-length":"17","etag":"W/\"11-0lKa9L8JtTRUaOViOj/xzX9HOJw\""}},"responseTime":0,"msg":"request completed"}
{"severity":"INFO","time":"2026-04-12T15:05:12.950Z","service":"invite-backend","version":"0.0.0","fingerprint":"a65b77c801afa84cfdb786a3be590287e9365b69b757c4a2d0383bbe1cd98e6a","msg":"No match found (fingerprint + clipboard)"}
{"severity":"INFO","time":"2026-04-12T15:05:12.951Z","service":"invite-backend","version":"0.0.0","req":{"id":"396dd9cb-d3bd-4b2b-869a-cc71194580cb","method":"POST","url":"/v1/resolutions","query":{},"params":{},"headers":{"host":"127.0.0.1:49658","accept-encoding":"gzip, deflate","x-forwarded-for":"192.168.50.4","content-type":"application/json","content-length":"119","connection":"close"},"remoteAddress":"::ffff:127.0.0.1","remotePort":49659},"res":{"statusCode":200,"headers":{"cross-origin-opener-policy":"same-origin","cross-origin-resource-policy":"same-origin","origin-agent-cluster":"?1","referrer-policy":"no-referrer","strict-transport-security":"max-age=15552000; includeSubDomains","x-content-type-options":"nosniff","x-dns-prefetch-control":"off","x-download-options":"noopen","x-frame-options":"SAMEORIGIN","x-permitted-cross-domain-policies":"none","x-xss-protection":"0","vary":"Origin, Accept-Encoding","access-control-expose-headers":"X-Request-Id","x-request-id":"396dd9cb-d3bd-4b2b-869a-cc71194580cb","ratelimit-policy":"10;w=60","ratelimit-limit":"10","ratelimit-remaining":"5","ratelimit-reset":"60","content-type":"application/json; charset=utf-8","content-length":"17","etag":"W/\"11-0lKa9L8JtTRUaOViOj/xzX9HOJw\""}},"responseTime":1,"msg":"request completed"}
{"severity":"INFO","time":"2026-04-12T15:05:12.951Z","service":"invite-backend","version":"0.0.0","fingerprint":"a65b77c801afa84cfdb786a3be590287e9365b69b757c4a2d0383bbe1cd98e6a","msg":"No match found (fingerprint + clipboard)"}
{"severity":"INFO","time":"2026-04-12T15:05:12.951Z","service":"invite-backend","version":"0.0.0","req":{"id":"f954ea62-137b-4e9b-9922-0d9ab58ee29d","method":"POST","url":"/v1/resolutions","query":{},"params":{},"headers":{"host":"127.0.0.1:49660","accept-encoding":"gzip, deflate","x-forwarded-for":"192.168.50.4","content-type":"application/json","content-length":"119","connection":"close"},"remoteAddress":"::ffff:127.0.0.1","remotePort":49661},"res":{"statusCode":200,"headers":{"cross-origin-opener-policy":"same-origin","cross-origin-resource-policy":"same-origin","origin-agent-cluster":"?1","referrer-policy":"no-referrer","strict-transport-security":"max-age=15552000; includeSubDomains","x-content-type-options":"nosniff","x-dns-prefetch-control":"off","x-download-options":"noopen","x-frame-options":"SAMEORIGIN","x-permitted-cross-domain-policies":"none","x-xss-protection":"0","vary":"Origin, Accept-Encoding","access-control-expose-headers":"X-Request-Id","x-request-id":"f954ea62-137b-4e9b-9922-0d9ab58ee29d","ratelimit-policy":"10;w=60","ratelimit-limit":"10","ratelimit-remaining":"4","ratelimit-reset":"60","content-type":"application/json; charset=utf-8","content-length":"17","etag":"W/\"11-0lKa9L8JtTRUaOViOj/xzX9HOJw\""}},"responseTime":0,"msg":"request completed"}
{"severity":"INFO","time":"2026-04-12T15:05:12.952Z","service":"invite-backend","version":"0.0.0","fingerprint":"a65b77c801afa84cfdb786a3be590287e9365b69b757c4a2d0383bbe1cd98e6a","msg":"No match found (fingerprint + clipboard)"}
{"severity":"INFO","time":"2026-04-12T15:05:12.952Z","service":"invite-backend","version":"0.0.0","req":{"id":"6c6d5631-02d6-4510-9c3f-e3b2c4e7ea06","method":"POST","url":"/v1/resolutions","query":{},"params":{},"headers":{"host":"127.0.0.1:49662","accept-encoding":"gzip, deflate","x-forwarded-for":"192.168.50.4","content-type":"application/json","content-length":"119","connection":"close"},"remoteAddress":"::ffff:127.0.0.1","remotePort":49663},"res":{"statusCode":200,"headers":{"cross-origin-opener-policy":"same-origin","cross-origin-resource-policy":"same-origin","origin-agent-cluster":"?1","referrer-policy":"no-referrer","strict-transport-security":"max-age=15552000; includeSubDomains","x-content-type-options":"nosniff","x-dns-prefetch-control":"off","x-download-options":"noopen","x-frame-options":"SAMEORIGIN","x-permitted-cross-domain-policies":"none","x-xss-protection":"0","vary":"Origin, Accept-Encoding","access-control-expose-headers":"X-Request-Id","x-request-id":"6c6d5631-02d6-4510-9c3f-e3b2c4e7ea06","ratelimit-policy":"10;w=60","ratelimit-limit":"10","ratelimit-remaining":"3","ratelimit-reset":"60","content-type":"application/json; charset=utf-8","content-length":"17","etag":"W/\"11-0lKa9L8JtTRUaOViOj/xzX9HOJw\""}},"responseTime":1,"msg":"request completed"}
{"severity":"INFO","time":"2026-04-12T15:05:12.952Z","service":"invite-backend","version":"0.0.0","fingerprint":"a65b77c801afa84cfdb786a3be590287e9365b69b757c4a2d0383bbe1cd98e6a","msg":"No match found (fingerprint + clipboard)"}
{"severity":"INFO","time":"2026-04-12T15:05:12.952Z","service":"invite-backend","version":"0.0.0","req":{"id":"d1430643-443f-4e02-a09d-834147492950","method":"POST","url":"/v1/resolutions","query":{},"params":{},"headers":{"host":"127.0.0.1:49664","accept-encoding":"gzip, deflate","x-forwarded-for":"192.168.50.4","content-type":"application/json","content-length":"119","connection":"close"},"remoteAddress":"::ffff:127.0.0.1","remotePort":49665},"res":{"statusCode":200,"headers":{"cross-origin-opener-policy":"same-origin","cross-origin-resource-policy":"same-origin","origin-agent-cluster":"?1","referrer-policy":"no-referrer","strict-transport-security":"max-age=15552000; includeSubDomains","x-content-type-options":"nosniff","x-dns-prefetch-control":"off","x-download-options":"noopen","x-frame-options":"SAMEORIGIN","x-permitted-cross-domain-policies":"none","x-xss-protection":"0","vary":"Origin, Accept-Encoding","access-control-expose-headers":"X-Request-Id","x-request-id":"d1430643-443f-4e02-a09d-834147492950","ratelimit-policy":"10;w=60","ratelimit-limit":"10","ratelimit-remaining":"2","ratelimit-reset":"60","content-type":"application/json; charset=utf-8","content-length":"17","etag":"W/\"11-0lKa9L8JtTRUaOViOj/xzX9HOJw\""}},"responseTime":0,"msg":"request completed"}
{"severity":"INFO","time":"2026-04-12T15:05:12.953Z","service":"invite-backend","version":"0.0.0","fingerprint":"a65b77c801afa84cfdb786a3be590287e9365b69b757c4a2d0383bbe1cd98e6a","msg":"No match found (fingerprint + clipboard)"}
{"severity":"INFO","time":"2026-04-12T15:05:12.953Z","service":"invite-backend","version":"0.0.0","req":{"id":"d9ee1b67-87f1-4f5d-8df9-a44945dc900d","method":"POST","url":"/v1/resolutions","query":{},"params":{},"headers":{"host":"127.0.0.1:49666","accept-encoding":"gzip, deflate","x-forwarded-for":"192.168.50.4","content-type":"application/json","content-length":"119","connection":"close"},"remoteAddress":"::ffff:127.0.0.1","remotePort":49667},"res":{"statusCode":200,"headers":{"cross-origin-opener-policy":"same-origin","cross-origin-resource-policy":"same-origin","origin-agent-cluster":"?1","referrer-policy":"no-referrer","strict-transport-security":"max-age=15552000; includeSubDomains","x-content-type-options":"nosniff","x-dns-prefetch-control":"off","x-download-options":"noopen","x-frame-options":"SAMEORIGIN","x-permitted-cross-domain-policies":"none","x-xss-protection":"0","vary":"Origin, Accept-Encoding","access-control-expose-headers":"X-Request-Id","x-request-id":"d9ee1b67-87f1-4f5d-8df9-a44945dc900d","ratelimit-policy":"10;w=60","ratelimit-limit":"10","ratelimit-remaining":"1","ratelimit-reset":"60","content-type":"application/json; charset=utf-8","content-length":"17","etag":"W/\"11-0lKa9L8JtTRUaOViOj/xzX9HOJw\""}},"responseTime":0,"msg":"request completed"}
{"severity":"INFO","time":"2026-04-12T15:05:12.953Z","service":"invite-backend","version":"0.0.0","fingerprint":"a65b77c801afa84cfdb786a3be590287e9365b69b757c4a2d0383bbe1cd98e6a","msg":"No match found (fingerprint + clipboard)"}
{"severity":"INFO","time":"2026-04-12T15:05:12.953Z","service":"invite-backend","version":"0.0.0","req":{"id":"417f10d3-4514-4717-92f4-92f6c26e5cae","method":"POST","url":"/v1/resolutions","query":{},"params":{},"headers":{"host":"127.0.0.1:49668","accept-encoding":"gzip, deflate","x-forwarded-for":"192.168.50.4","content-type":"application/json","content-length":"119","connection":"close"},"remoteAddress":"::ffff:127.0.0.1","remotePort":49669},"res":{"statusCode":200,"headers":{"cross-origin-opener-policy":"same-origin","cross-origin-resource-policy":"same-origin","origin-agent-cluster":"?1","referrer-policy":"no-referrer","strict-transport-security":"max-age=15552000; includeSubDomains","x-content-type-options":"nosniff","x-dns-prefetch-control":"off","x-download-options":"noopen","x-frame-options":"SAMEORIGIN","x-permitted-cross-domain-policies":"none","x-xss-protection":"0","vary":"Origin, Accept-Encoding","access-control-expose-headers":"X-Request-Id","x-request-id":"417f10d3-4514-4717-92f4-92f6c26e5cae","ratelimit-policy":"10;w=60","ratelimit-limit":"10","ratelimit-remaining":"0","ratelimit-reset":"60","content-type":"application/json; charset=utf-8","content-length":"17","etag":"W/\"11-0lKa9L8JtTRUaOViOj/xzX9HOJw\""}},"responseTime":0,"msg":"request completed"}
{"severity":"WARN","time":"2026-04-12T15:05:12.954Z","service":"invite-backend","version":"0.0.0","req":{"id":"f5ef6c60-f1ab-419c-b9fd-f61f9a5685ee","method":"POST","url":"/v1/resolutions","query":{},"params":{},"headers":{"host":"127.0.0.1:49670","accept-encoding":"gzip, deflate","x-forwarded-for":"192.168.50.4","content-type":"application/json","content-length":"119","connection":"close"},"remoteAddress":"::ffff:127.0.0.1","remotePort":49671},"res":{"statusCode":429,"headers":{"cross-origin-opener-policy":"same-origin","cross-origin-resource-policy":"same-origin","origin-agent-cluster":"?1","referrer-policy":"no-referrer","strict-transport-security":"max-age=15552000; includeSubDomains","x-content-type-options":"nosniff","x-dns-prefetch-control":"off","x-download-options":"noopen","x-frame-options":"SAMEORIGIN","x-permitted-cross-domain-policies":"none","x-xss-protection":"0","vary":"Origin, Accept-Encoding","access-control-expose-headers":"X-Request-Id","x-request-id":"f5ef6c60-f1ab-419c-b9fd-f61f9a5685ee","ratelimit-policy":"10;w=60","ratelimit-limit":"10","ratelimit-remaining":"0","ratelimit-reset":"60","retry-after":"60","content-type":"application/json; charset=utf-8","content-length":"70","etag":"W/\"46-xtS220mFdKLL7zy+yXUm8XOin3k\""}},"responseTime":0,"msg":"request completed"}
{"severity":"INFO","time":"2026-04-12T15:05:12.982Z","service":"invite-backend","version":"0.0.0","msg":"Examples:  http://localhost:6066/examples/web/fingerprint-demo.html"}
PASS tests/integration/e2e.test.ts
PASS tests/integration/health.test.ts
PASS tests/unit/auth.test.ts
  ● Console

    console.warn
      Admin auth attempt failed: missing or malformed header

      68 |   const authHeader = req.headers.authorization;
      69 |   if (!authHeader?.startsWith('Bearer ')) {
    > 70 |     console.warn('Admin auth attempt failed: missing or malformed header');
         |             ^
      71 |     res.status(401).json({
      72 |       error: {
      73 |         code: 401,

      at adminAuth (src/middleware/auth.ts:70:13)
      at Object.<anonymous> (tests/unit/auth.test.ts:85:14)

    console.warn
      Admin auth attempt failed: invalid secret

      81 |   const token = extractBearerToken(req);
      82 |   if (!token || !timingSafeCompare(token, adminSecret)) {
    > 83 |     console.warn('Admin auth attempt failed: invalid secret');
         |             ^
      84 |     res.status(401).json({
      85 |       error: {
      86 |         code: 401,

      at adminAuth (src/middleware/auth.ts:83:13)
      at Object.<anonymous> (tests/unit/auth.test.ts:93:14)

    console.warn
      Admin auth attempt failed: invalid secret

      81 |   const token = extractBearerToken(req);
      82 |   if (!token || !timingSafeCompare(token, adminSecret)) {
    > 83 |     console.warn('Admin auth attempt failed: invalid secret');
         |             ^
      84 |     res.status(401).json({
      85 |       error: {
      86 |         code: 401,

      at adminAuth (src/middleware/auth.ts:83:13)
      at Object.<anonymous> (tests/unit/auth.test.ts:101:14)

    console.warn
      Admin auth attempt failed: missing or malformed header

      68 |   const authHeader = req.headers.authorization;
      69 |   if (!authHeader?.startsWith('Bearer ')) {
    > 70 |     console.warn('Admin auth attempt failed: missing or malformed header');
         |             ^
      71 |     res.status(401).json({
      72 |       error: {
      73 |         code: 401,

      at adminAuth (src/middleware/auth.ts:70:13)
      at Object.<anonymous> (tests/unit/auth.test.ts:109:14)

    console.warn
      Admin auth attempt failed: invalid secret

      81 |   const token = extractBearerToken(req);
      82 |   if (!token || !timingSafeCompare(token, adminSecret)) {
    > 83 |     console.warn('Admin auth attempt failed: invalid secret');
         |             ^
      84 |     res.status(401).json({
      85 |       error: {
      86 |         code: 401,

      at adminAuth (src/middleware/auth.ts:83:13)
      at Object.<anonymous> (tests/unit/auth.test.ts:117:14)

    console.warn
      Admin auth attempt failed: invalid secret

      81 |   const token = extractBearerToken(req);
      82 |   if (!token || !timingSafeCompare(token, adminSecret)) {
    > 83 |     console.warn('Admin auth attempt failed: invalid secret');
         |             ^
      84 |     res.status(401).json({
      85 |       error: {
      86 |         code: 401,

      at adminAuth (src/middleware/auth.ts:83:13)
      at Object.<anonymous> (tests/unit/auth.test.ts:127:14)

    console.warn
      Admin auth attempt failed: invalid secret

      81 |   const token = extractBearerToken(req);
      82 |   if (!token || !timingSafeCompare(token, adminSecret)) {
    > 83 |     console.warn('Admin auth attempt failed: invalid secret');
         |             ^
      84 |     res.status(401).json({
      85 |       error: {
      86 |         code: 401,

      at adminAuth (src/middleware/auth.ts:83:13)
      at Object.<anonymous> (tests/unit/auth.test.ts:135:14)

    console.warn
      Admin auth attempt failed: missing or malformed header

      68 |   const authHeader = req.headers.authorization;
      69 |   if (!authHeader?.startsWith('Bearer ')) {
    > 70 |     console.warn('Admin auth attempt failed: missing or malformed header');
         |             ^
      71 |     res.status(401).json({
      72 |       error: {
      73 |         code: 401,

      at adminAuth (src/middleware/auth.ts:70:13)
      at Object.<anonymous> (tests/unit/auth.test.ts:143:14)

PASS tests/unit/fingerprint.test.ts

Test Suites: 1 failed, 8 passed, 9 total
Tests:       1 failed, 69 passed, 70 total
Snapshots:   0 total
Time:        0.866 s, estimated 2 s
Ran all test suites.
{"severity":"INFO","time":"2026-04-12T15:05:12.992Z","service":"invite-backend","version":"0.0.0","clickEventId":"click_1","fingerprint":"9698dd358d3799ba93baf55f9bd7fee3363ee851c677125f0c9d3f839b2d2e55","inviteCode":"TESTCODE","msg":"Click event recorded"}
{"severity":"INFO","time":"2026-04-12T15:05:12.992Z","service":"invite-backend","version":"0.0.0","req":{"id":"f960463a-21e0-4e30-a5c4-ef18ab4a0fd4","method":"POST","url":"/v1/clicks","query":{},"params":{},"headers":{"host":"127.0.0.1:49672","accept-encoding":"gzip, deflate","content-type":"application/json","content-length":"211","connection":"close"},"remoteAddress":"::ffff:127.0.0.1","remotePort":49673},"res":{"statusCode":200,"headers":{"cross-origin-opener-policy":"same-origin","cross-origin-resource-policy":"same-origin","origin-agent-cluster":"?1","referrer-policy":"no-referrer","strict-transport-security":"max-age=15552000; includeSubDomains","x-content-type-options":"nosniff","x-dns-prefetch-control":"off","x-download-options":"noopen","x-frame-options":"SAMEORIGIN","x-permitted-cross-domain-policies":"none","x-xss-protection":"0","vary":"Origin, Accept-Encoding","access-control-expose-headers":"X-Request-Id","x-request-id":"f960463a-21e0-4e30-a5c4-ef18ab4a0fd4","ratelimit-policy":"100;w=900","ratelimit-limit":"100","ratelimit-remaining":"99","ratelimit-reset":"60","content-type":"application/json; charset=utf-8","content-length":"21","etag":"W/\"15-o6SNsgWRpriyReyG1X7aQa26CLY\""}},"responseTime":1,"msg":"request completed"}
{"severity":"INFO","time":"2026-04-12T15:05:12.993Z","service":"invite-backend","version":"0.0.0","fingerprint":"9698dd358d3799ba93baf55f9bd7fee3363ee851c677125f0c9d3f839b2d2e55","inviteCode":"TESTCODE","msg":"Exact fingerprint match"}
{"severity":"INFO","time":"2026-04-12T15:05:12.993Z","service":"invite-backend","version":"0.0.0","inviteCode":"TESTCODE","confidence":1,"channel":"exact","msg":"Invite resolved"}
{"severity":"INFO","time":"2026-04-12T15:05:12.993Z","service":"invite-backend","version":"0.0.0","req":{"id":"f40e10d6-7c68-40df-945c-68db4d2cd381","method":"POST","url":"/v1/resolutions","query":{},"params":{},"headers":{"host":"127.0.0.1:49674","accept-encoding":"gzip, deflate","content-type":"application/json","content-length":"143","connection":"close"},"remoteAddress":"::ffff:127.0.0.1","remotePort":49675},"res":{"statusCode":200,"headers":{"cross-origin-opener-policy":"same-origin","cross-origin-resource-policy":"same-origin","origin-agent-cluster":"?1","referrer-policy":"no-referrer","strict-transport-security":"max-age=15552000; includeSubDomains","x-content-type-options":"nosniff","x-dns-prefetch-control":"off","x-download-options":"noopen","x-frame-options":"SAMEORIGIN","x-permitted-cross-domain-policies":"none","x-xss-protection":"0","vary":"Origin, Accept-Encoding","access-control-expose-headers":"X-Request-Id","x-request-id":"f40e10d6-7c68-40df-945c-68db4d2cd381","ratelimit-policy":"10;w=60","ratelimit-limit":"10","ratelimit-remaining":"9","ratelimit-reset":"60","content-type":"application/json; charset=utf-8","content-length":"100","etag":"W/\"64-LxBUPeM0lzH3Rmm3233qbalgjcU\""}},"responseTime":0,"msg":"request completed"}
{"severity":"INFO","time":"2026-04-12T15:05:12.993Z","service":"invite-backend","version":"0.0.0","msg":"Examples:  http://localhost:6066/examples/web/fingerprint-demo.html"}
{"severity":"INFO","time":"2026-04-12T15:05:12.995Z","service":"invite-backend","version":"0.0.0","clickEventId":"click_1","fingerprint":"967954dcb68b8bd9e3c9daf1e21579b76d54656a13e934f6352d90af37f2850d","inviteCode":"TESTCODE","msg":"Click event recorded"}
{"severity":"INFO","time":"2026-04-12T15:05:12.995Z","service":"invite-backend","version":"0.0.0","req":{"id":"8ce51fb2-668b-4e65-a4ee-7e16d322cc95","method":"POST","url":"/v1/clicks","query":{},"params":{},"headers":{"host":"127.0.0.1:49676","accept-encoding":"gzip, deflate","content-type":"application/json","content-length":"58","connection":"close"},"remoteAddress":"::ffff:127.0.0.1","remotePort":49677},"res":{"statusCode":200,"headers":{"cross-origin-opener-policy":"same-origin","cross-origin-resource-policy":"same-origin","origin-agent-cluster":"?1","referrer-policy":"no-referrer","strict-transport-security":"max-age=15552000; includeSubDomains","x-content-type-options":"nosniff","x-dns-prefetch-control":"off","x-download-options":"noopen","x-frame-options":"SAMEORIGIN","x-permitted-cross-domain-policies":"none","x-xss-protection":"0","vary":"Origin, Accept-Encoding","access-control-expose-headers":"X-Request-Id","x-request-id":"8ce51fb2-668b-4e65-a4ee-7e16d322cc95","ratelimit-policy":"100;w=900","ratelimit-limit":"100","ratelimit-remaining":"99","ratelimit-reset":"60","content-type":"application/json; charset=utf-8","content-length":"21","etag":"W/\"15-o6SNsgWRpriyReyG1X7aQa26CLY\""}},"responseTime":0,"msg":"request completed"}
{"severity":"INFO","time":"2026-04-12T15:05:12.996Z","service":"invite-backend","version":"0.0.0","fingerprint":"967954dcb68b8bd9e3c9daf1e21579b76d54656a13e934f6352d90af37f2850d","inviteCode":"TESTCODE","msg":"Exact fingerprint match"}
{"severity":"INFO","time":"2026-04-12T15:05:12.996Z","service":"invite-backend","version":"0.0.0","inviteCode":"TESTCODE","confidence":1,"channel":"exact","msg":"Invite resolved"}
{"severity":"INFO","time":"2026-04-12T15:05:12.996Z","service":"invite-backend","version":"0.0.0","req":{"id":"47dcfb20-09d7-4e06-bcd4-a2b283287b75","method":"POST","url":"/v1/resolutions","query":{},"params":{},"headers":{"host":"127.0.0.1:49678","accept-encoding":"gzip, deflate","content-type":"application/json","content-length":"50","connection":"close"},"remoteAddress":"::ffff:127.0.0.1","remotePort":49679},"res":{"statusCode":200,"headers":{"cross-origin-opener-policy":"same-origin","cross-origin-resource-policy":"same-origin","origin-agent-cluster":"?1","referrer-policy":"no-referrer","strict-transport-security":"max-age=15552000; includeSubDomains","x-content-type-options":"nosniff","x-dns-prefetch-control":"off","x-download-options":"noopen","x-frame-options":"SAMEORIGIN","x-permitted-cross-domain-policies":"none","x-xss-protection":"0","vary":"Origin, Accept-Encoding","access-control-expose-headers":"X-Request-Id","x-request-id":"47dcfb20-09d7-4e06-bcd4-a2b283287b75","ratelimit-policy":"10;w=60","ratelimit-limit":"10","ratelimit-remaining":"9","ratelimit-reset":"60","content-type":"application/json; charset=utf-8","content-length":"100","etag":"W/\"64-LxBUPeM0lzH3Rmm3233qbalgjcU\""}},"responseTime":0,"msg":"request completed"}
{"severity":"INFO","time":"2026-04-12T15:05:12.996Z","service":"invite-backend","version":"0.0.0","msg":"Examples:  http://localhost:6066/examples/web/fingerprint-demo.html"}
{"severity":"INFO","time":"2026-04-12T15:05:12.998Z","service":"invite-backend","version":"0.0.0","req":{"id":"my-trace-id-12345","method":"GET","url":"/health","query":{},"params":{},"headers":{"host":"127.0.0.1:49680","accept-encoding":"gzip, deflate","x-request-id":"my-trace-id-12345","connection":"close"},"remoteAddress":"::ffff:127.0.0.1","remotePort":49681},"res":{"statusCode":200,"headers":{"cross-origin-opener-policy":"same-origin","cross-origin-resource-policy":"same-origin","origin-agent-cluster":"?1","referrer-policy":"no-referrer","strict-transport-security":"max-age=15552000; includeSubDomains","x-content-type-options":"nosniff","x-dns-prefetch-control":"off","x-download-options":"noopen","x-frame-options":"SAMEORIGIN","x-permitted-cross-domain-policies":"none","x-xss-protection":"0","vary":"Origin, Accept-Encoding","access-control-expose-headers":"X-Request-Id","x-request-id":"my-trace-id-12345","ratelimit-policy":"100;w=900","ratelimit-limit":"100","ratelimit-remaining":"99","ratelimit-reset":"60","content-type":"application/json; charset=utf-8","content-length":"93","etag":"W/\"5d-fxjBeW+34UgPJF0bFZUZ8gVc0mc\""}},"responseTime":0,"msg":"request completed"}
{"severity":"INFO","time":"2026-04-12T15:05:12.998Z","service":"invite-backend","version":"0.0.0","msg":"Examples:  http://localhost:6066/examples/web/fingerprint-demo.html"}
{"severity":"INFO","time":"2026-04-12T15:05:13.001Z","service":"invite-backend","version":"0.0.0","fingerprint":"9698dd358d3799ba93baf55f9bd7fee3363ee851c677125f0c9d3f839b2d2e55","inviteCode":"TESTCODE","confidence":1,"msg":"Fuzzy fingerprint match"}
{"severity":"INFO","time":"2026-04-12T15:05:13.001Z","service":"invite-backend","version":"0.0.0","inviteCode":"TESTCODE","confidence":1,"channel":"fuzzy","msg":"Invite resolved"}
{"severity":"INFO","time":"2026-04-12T15:05:13.001Z","service":"invite-backend","version":"0.0.0","req":{"id":"38b8d084-230f-4dca-b54c-8a8f4f9e054f","method":"POST","url":"/v1/resolutions","query":{},"params":{},"headers":{"host":"127.0.0.1:49682","accept-encoding":"gzip, deflate","content-type":"application/json","content-length":"164","connection":"close"},"remoteAddress":"::ffff:127.0.0.1","remotePort":49683},"res":{"statusCode":200,"headers":{"cross-origin-opener-policy":"same-origin","cross-origin-resource-policy":"same-origin","origin-agent-cluster":"?1","referrer-policy":"no-referrer","strict-transport-security":"max-age=15552000; includeSubDomains","x-content-type-options":"nosniff","x-dns-prefetch-control":"off","x-download-options":"noopen","x-frame-options":"SAMEORIGIN","x-permitted-cross-domain-policies":"none","x-xss-protection":"0","vary":"Origin, Accept-Encoding","access-control-expose-headers":"X-Request-Id","x-request-id":"38b8d084-230f-4dca-b54c-8a8f4f9e054f","ratelimit-policy":"10;w=60","ratelimit-limit":"10","ratelimit-remaining":"9","ratelimit-reset":"60","content-type":"application/json; charset=utf-8","content-length":"100","etag":"W/\"64-/+QOZMbMB6GGAmHn5jtjSdHh8Us\""}},"responseTime":1,"msg":"request completed"}
{"severity":"INFO","time":"2026-04-12T15:05:13.001Z","service":"invite-backend","version":"0.0.0","msg":"Examples:  http://localhost:6066/examples/web/fingerprint-demo.html"}
{"severity":"INFO","time":"2026-04-12T15:05:13.003Z","service":"invite-backend","version":"0.0.0","fingerprint":"9698dd358d3799ba93baf55f9bd7fee3363ee851c677125f0c9d3f839b2d2e55","msg":"No match found (fingerprint + clipboard)"}
{"severity":"INFO","time":"2026-04-12T15:05:13.003Z","service":"invite-backend","version":"0.0.0","req":{"id":"97a350a9-4d7a-4872-8477-a0fa66ffd5db","method":"POST","url":"/v1/resolutions","query":{},"params":{},"headers":{"host":"127.0.0.1:49684","accept-encoding":"gzip, deflate","content-type":"application/json","content-length":"119","connection":"close"},"remoteAddress":"::ffff:127.0.0.1","remotePort":49685},"res":{"statusCode":200,"headers":{"cross-origin-opener-policy":"same-origin","cross-origin-resource-policy":"same-origin","origin-agent-cluster":"?1","referrer-policy":"no-referrer","strict-transport-security":"max-age=15552000; includeSubDomains","x-content-type-options":"nosniff","x-dns-prefetch-control":"off","x-download-options":"noopen","x-frame-options":"SAMEORIGIN","x-permitted-cross-domain-policies":"none","x-xss-protection":"0","vary":"Origin, Accept-Encoding","access-control-expose-headers":"X-Request-Id","x-request-id":"97a350a9-4d7a-4872-8477-a0fa66ffd5db","ratelimit-policy":"10;w=60","ratelimit-limit":"10","ratelimit-remaining":"9","ratelimit-reset":"60","content-type":"application/json; charset=utf-8","content-length":"17","etag":"W/\"11-0lKa9L8JtTRUaOViOj/xzX9HOJw\""}},"responseTime":0,"msg":"request completed"}
{"severity":"INFO","time":"2026-04-12T15:05:13.004Z","service":"invite-backend","version":"0.0.0","msg":"Examples:  http://localhost:6066/examples/web/fingerprint-demo.html"}
{"severity":"INFO","time":"2026-04-12T15:05:13.005Z","service":"invite-backend","version":"0.0.0","inviteCode":"TESTCODE","msg":"Clipboard fallback match"}
{"severity":"INFO","time":"2026-04-12T15:05:13.005Z","service":"invite-backend","version":"0.0.0","inviteCode":"TESTCODE","confidence":1,"channel":"clipboard","msg":"Invite resolved"}
{"severity":"INFO","time":"2026-04-12T15:05:13.005Z","service":"invite-backend","version":"0.0.0","req":{"id":"ae0f0ffe-abe2-40d6-9dbe-bbcc7d5e801c","method":"POST","url":"/v1/resolutions","query":{},"params":{},"headers":{"host":"127.0.0.1:49686","accept-encoding":"gzip, deflate","content-type":"application/json","content-length":"79","connection":"close"},"remoteAddress":"::ffff:127.0.0.1","remotePort":49687},"res":{"statusCode":200,"headers":{"cross-origin-opener-policy":"same-origin","cross-origin-resource-policy":"same-origin","origin-agent-cluster":"?1","referrer-policy":"no-referrer","strict-transport-security":"max-age=15552000; includeSubDomains","x-content-type-options":"nosniff","x-dns-prefetch-control":"off","x-download-options":"noopen","x-frame-options":"SAMEORIGIN","x-permitted-cross-domain-policies":"none","x-xss-protection":"0","vary":"Origin, Accept-Encoding","access-control-expose-headers":"X-Request-Id","x-request-id":"ae0f0ffe-abe2-40d6-9dbe-bbcc7d5e801c","ratelimit-policy":"10;w=60","ratelimit-limit":"10","ratelimit-remaining":"9","ratelimit-reset":"60","content-type":"application/json; charset=utf-8","content-length":"104","etag":"W/\"68-LPxG4cB0IqS1bO8fzLfTH5z5hVg\""}},"responseTime":0,"msg":"request completed"}
{"severity":"INFO","time":"2026-04-12T15:05:13.033Z","service":"invite-backend","version":"0.0.0","msg":"Examples:  http://localhost:6066/examples/web/fingerprint-demo.html"}
{"severity":"INFO","time":"2026-04-12T15:05:13.041Z","service":"invite-backend","version":"0.0.0","req":{"id":"ad28a184-9653-42c5-b2dd-7fab472cc312","method":"GET","url":"/health","query":{},"params":{},"headers":{"host":"127.0.0.1:49692","accept-encoding":"gzip, deflate","connection":"close"},"remoteAddress":"::ffff:127.0.0.1","remotePort":49693},"res":{"statusCode":200,"headers":{"cross-origin-opener-policy":"same-origin","cross-origin-resource-policy":"same-origin","origin-agent-cluster":"?1","referrer-policy":"no-referrer","strict-transport-security":"max-age=15552000; includeSubDomains","x-content-type-options":"nosniff","x-dns-prefetch-control":"off","x-download-options":"noopen","x-frame-options":"SAMEORIGIN","x-permitted-cross-domain-policies":"none","x-xss-protection":"0","vary":"Origin, Accept-Encoding","access-control-expose-headers":"X-Request-Id","x-request-id":"ad28a184-9653-42c5-b2dd-7fab472cc312","ratelimit-policy":"100;w=900","ratelimit-limit":"100","ratelimit-remaining":"99","ratelimit-reset":"60","content-type":"application/json; charset=utf-8","content-length":"93","etag":"W/\"5d-pRHuoHKxn2fdAa0B3lQ2+WTm8tM\""}},"responseTime":0,"msg":"request completed"}
{"severity":"INFO","time":"2026-04-12T15:05:13.042Z","service":"invite-backend","version":"0.0.0","msg":"Examples:  http://localhost:6066/examples/web/fingerprint-demo.html"}
{"severity":"INFO","time":"2026-04-12T15:05:13.044Z","service":"invite-backend","version":"0.0.0","req":{"id":"1817de3e-5f65-453b-9be3-780ae5091631","method":"GET","url":"/health","query":{},"params":{},"headers":{"host":"127.0.0.1:49694","accept-encoding":"gzip, deflate","connection":"close"},"remoteAddress":"::ffff:127.0.0.1","remotePort":49695},"res":{"statusCode":200,"headers":{"cross-origin-opener-policy":"same-origin","cross-origin-resource-policy":"same-origin","origin-agent-cluster":"?1","referrer-policy":"no-referrer","strict-transport-security":"max-age=15552000; includeSubDomains","x-content-type-options":"nosniff","x-dns-prefetch-control":"off","x-download-options":"noopen","x-frame-options":"SAMEORIGIN","x-permitted-cross-domain-policies":"none","x-xss-protection":"0","vary":"Origin, Accept-Encoding","access-control-expose-headers":"X-Request-Id","x-request-id":"1817de3e-5f65-453b-9be3-780ae5091631","ratelimit-policy":"100;w=900","ratelimit-limit":"100","ratelimit-remaining":"99","ratelimit-reset":"60","content-type":"application/json; charset=utf-8","content-length":"93","etag":"W/\"5d-cFHVmbi/6Z7WI7nzSTd8hxkx5O4\""}},"responseTime":1,"msg":"request completed"}
{"severity":"INFO","time":"2026-04-12T15:05:13.044Z","service":"invite-backend","version":"0.0.0","msg":"Examples:  http://localhost:6066/examples/web/fingerprint-demo.html"}
{"severity":"INFO","time":"2026-04-12T15:05:13.046Z","service":"invite-backend","version":"0.0.0","req":{"id":"my-trace-id-12345","method":"GET","url":"/health","query":{},"params":{},"headers":{"host":"127.0.0.1:49696","accept-encoding":"gzip, deflate","x-request-id":"my-trace-id-12345","connection":"close"},"remoteAddress":"::ffff:127.0.0.1","remotePort":49697},"res":{"statusCode":200,"headers":{"cross-origin-opener-policy":"same-origin","cross-origin-resource-policy":"same-origin","origin-agent-cluster":"?1","referrer-policy":"no-referrer","strict-transport-security":"max-age=15552000; includeSubDomains","x-content-type-options":"nosniff","x-dns-prefetch-control":"off","x-download-options":"noopen","x-frame-options":"SAMEORIGIN","x-permitted-cross-domain-policies":"none","x-xss-protection":"0","vary":"Origin, Accept-Encoding","access-control-expose-headers":"X-Request-Id","x-request-id":"my-trace-id-12345","ratelimit-policy":"100;w=900","ratelimit-limit":"100","ratelimit-remaining":"99","ratelimit-reset":"60","content-type":"application/json; charset=utf-8","content-length":"93","etag":"W/\"5d-Nv9gKn9/bV8Nqn5fQpALw81Fp9g\""}},"responseTime":1,"msg":"request completed"}
{"severity":"INFO","time":"2026-04-12T15:05:13.046Z","service":"invite-backend","version":"0.0.0","msg":"Examples:  http://localhost:6066/examples/web/fingerprint-demo.html"}
{"severity":"WARN","time":"2026-04-12T15:05:13.047Z","service":"invite-backend","version":"0.0.0","req":{"id":"cea3bf29-b405-4a47-aa58-6c586fa54d69","method":"GET","url":"/v1/nonexistent","query":{},"params":{},"headers":{"host":"127.0.0.1:49698","accept-encoding":"gzip, deflate","connection":"close"},"remoteAddress":"::ffff:127.0.0.1","remotePort":49699},"res":{"statusCode":404,"headers":{"cross-origin-opener-policy":"same-origin","cross-origin-resource-policy":"same-origin","origin-agent-cluster":"?1","referrer-policy":"no-referrer","strict-transport-security":"max-age=15552000; includeSubDomains","x-content-type-options":"nosniff","x-dns-prefetch-control":"off","x-download-options":"noopen","x-frame-options":"SAMEORIGIN","x-permitted-cross-domain-policies":"none","x-xss-protection":"0","vary":"Origin, Accept-Encoding","access-control-expose-headers":"X-Request-Id","x-request-id":"cea3bf29-b405-4a47-aa58-6c586fa54d69","ratelimit-policy":"100;w=900","ratelimit-limit":"100","ratelimit-remaining":"99","ratelimit-reset":"60","content-type":"application/json; charset=utf-8","content-length":"82","etag":"W/\"52-ZGEYpC569T3qcm73pDi0iXuIcak\""}},"responseTime":0,"msg":"request completed"}
